Archive member included to satisfy reference by file (symbol)

/home/share/samba/tuya/tuya-open-sdk-for-device/board/pico-w/gcc-arm-none-eabi-10.3-2021.10/bin/../lib/gcc/arm-none-eabi/10.3.1/thumb/v6-m/nofp/libgcc.a(_dvmd_tls.o)
                              CMakeFiles/tuya-open-sdk.dir/home/share/samba/tuya/tuya-open-sdk-for-device/board/pico-w/pico-sdk/src/rp2_common/pico_divider/divider.S.obj (__aeabi_idiv0)
/home/share/samba/tuya/tuya-open-sdk-for-device/board/pico-w/gcc-arm-none-eabi-10.3-2021.10/bin/../lib/gcc/arm-none-eabi/10.3.1/../../../../arm-none-eabi/lib/thumb/v6-m/nofp/libc.a(lib_a-atoi.o)
                              CMakeFiles/tuya-open-sdk.dir/home/share/samba/tuya/tuya-open-sdk-for-device/board/pico-w/pico-sdk/lib/lwip/src/core/netif.c.obj (atoi)
/home/share/samba/tuya/tuya-open-sdk-for-device/board/pico-w/gcc-arm-none-eabi-10.3-2021.10/bin/../lib/gcc/arm-none-eabi/10.3.1/../../../../arm-none-eabi/lib/thumb/v6-m/nofp/libc.a(lib_a-calloc.o)
                              CMakeFiles/tuya-open-sdk.dir/home/share/samba/tuya/tuya-open-sdk-for-device/board/pico-w/pico-sdk/src/rp2_common/pico_malloc/pico_malloc.c.obj (calloc)
/home/share/samba/tuya/tuya-open-sdk-for-device/board/pico-w/gcc-arm-none-eabi-10.3-2021.10/bin/../lib/gcc/arm-none-eabi/10.3.1/../../../../arm-none-eabi/lib/thumb/v6-m/nofp/libc.a(lib_a-callocr.o)
                              /home/share/samba/tuya/tuya-open-sdk-for-device/board/pico-w/gcc-arm-none-eabi-10.3-2021.10/bin/../lib/gcc/arm-none-eabi/10.3.1/../../../../arm-none-eabi/lib/thumb/v6-m/nofp/libc.a(lib_a-calloc.o) (_calloc_r)
/home/share/samba/tuya/tuya-open-sdk-for-device/board/pico-w/gcc-arm-none-eabi-10.3-2021.10/bin/../lib/gcc/arm-none-eabi/10.3.1/../../../../arm-none-eabi/lib/thumb/v6-m/nofp/libc.a(lib_a-ctype_.o)
                              CMakeFiles/tuya-open-sdk.dir/home/share/samba/tuya/tuya-open-sdk-for-device/board/pico-w/pico-sdk/lib/lwip/src/core/dns.c.obj (_ctype_)
/home/share/samba/tuya/tuya-open-sdk-for-device/board/pico-w/gcc-arm-none-eabi-10.3-2021.10/bin/../lib/gcc/arm-none-eabi/10.3.1/../../../../arm-none-eabi/lib/thumb/v6-m/nofp/libc.a(lib_a-errno.o)
                              /home/share/samba/tuya/tuya-open-sdk-for-device/board/pico-w/gcc-arm-none-eabi-10.3-2021.10/bin/../lib/gcc/arm-none-eabi/10.3.1/../../../../arm-none-eabi/lib/thumb/v6-m/nofp/libc.a(lib_a-callocr.o) (__errno)
/home/share/samba/tuya/tuya-open-sdk-for-device/board/pico-w/gcc-arm-none-eabi-10.3-2021.10/bin/../lib/gcc/arm-none-eabi/10.3.1/../../../../arm-none-eabi/lib/thumb/v6-m/nofp/libc.a(lib_a-impure.o)
                              /home/share/samba/tuya/tuya-open-sdk-for-device/board/pico-w/gcc-arm-none-eabi-10.3-2021.10/bin/../lib/gcc/arm-none-eabi/10.3.1/../../../../arm-none-eabi/lib/thumb/v6-m/nofp/libc.a(lib_a-calloc.o) (_impure_ptr)
/home/share/samba/tuya/tuya-open-sdk-for-device/board/pico-w/gcc-arm-none-eabi-10.3-2021.10/bin/../lib/gcc/arm-none-eabi/10.3.1/../../../../arm-none-eabi/lib/thumb/v6-m/nofp/libc.a(lib_a-init.o)
                              /home/share/samba/tuya/tuya-open-sdk-for-device/board/pico-w/gcc-arm-none-eabi-10.3-2021.10/bin/../lib/gcc/arm-none-eabi/10.3.1/../../../../arm-none-eabi/lib/thumb/v6-m/nofp/crt0.o (__libc_init_array)
/home/share/samba/tuya/tuya-open-sdk-for-device/board/pico-w/gcc-arm-none-eabi-10.3-2021.10/bin/../lib/gcc/arm-none-eabi/10.3.1/../../../../arm-none-eabi/lib/thumb/v6-m/nofp/libc.a(lib_a-malloc.o)
                              CMakeFiles/tuya-open-sdk.dir/home/share/samba/tuya/tuya-open-sdk-for-device/board/pico-w/pico-sdk/src/rp2_common/pico_malloc/pico_malloc.c.obj (malloc)
/home/share/samba/tuya/tuya-open-sdk-for-device/board/pico-w/gcc-arm-none-eabi-10.3-2021.10/bin/../lib/gcc/arm-none-eabi/10.3.1/../../../../arm-none-eabi/lib/thumb/v6-m/nofp/libc.a(lib_a-mallocr.o)
                              /home/share/samba/tuya/tuya-open-sdk-for-device/board/pico-w/gcc-arm-none-eabi-10.3-2021.10/bin/../lib/gcc/arm-none-eabi/10.3.1/../../../../arm-none-eabi/lib/thumb/v6-m/nofp/libc.a(lib_a-callocr.o) (_malloc_r)
/home/share/samba/tuya/tuya-open-sdk-for-device/board/pico-w/gcc-arm-none-eabi-10.3-2021.10/bin/../lib/gcc/arm-none-eabi/10.3.1/../../../../arm-none-eabi/lib/thumb/v6-m/nofp/libc.a(lib_a-memcmp.o)
                              CMakeFiles/tuya-open-sdk.dir/home/share/samba/tuya/tuya-open-sdk-for-device/board/pico-w/pico-sdk/lib/lwip/src/netif/ethernet.c.obj (memcmp)
/home/share/samba/tuya/tuya-open-sdk-for-device/board/pico-w/gcc-arm-none-eabi-10.3-2021.10/bin/../lib/gcc/arm-none-eabi/10.3.1/../../../../arm-none-eabi/lib/thumb/v6-m/nofp/libc.a(lib_a-memmove.o)
                              CMakeFiles/tuya-open-sdk.dir/home/share/samba/tuya/tuya-open-sdk-for-device/board/pico-w/pico-sdk/lib/lwip/src/core/def.c.obj (memmove)
/home/share/samba/tuya/tuya-open-sdk-for-device/board/pico-w/gcc-arm-none-eabi-10.3-2021.10/bin/../lib/gcc/arm-none-eabi/10.3.1/../../../../arm-none-eabi/lib/thumb/v6-m/nofp/libc.a(lib_a-mlock.o)
[...]
Memory Configuration

Name             Origin             Length             Attributes
FLASH            0x0000000010000000 0x0000000000200000 xr
RAM              0x0000000020000000 0x0000000000040000 xrw
SCRATCH_X        0x0000000020040000 0x0000000000001000 xrw
SCRATCH_Y        0x0000000020041000 0x0000000000001000 xrw
*default*        0x0000000000000000 0xffffffffffffffff

Linker script and memory map

LOAD /home/share/samba/tuya/tuya-open-sdk-for-device/board/pico-w/gcc-arm-none-eabi-10.3-2021.10/bin/../lib/gcc/arm-none-eabi/10.3.1/thumb/v6-m/nofp/crti.o
LOAD /home/share/samba/tuya/tuya-open-sdk-for-device/board/pico-w/gcc-arm-none-eabi-10.3-2021.10/bin/../lib/gcc/arm-none-eabi/10.3.1/thumb/v6-m/nofp/crtbegin.o
LOAD /home/share/samba/tuya/tuya-open-sdk-for-device/board/pico-w/gcc-arm-none-eabi-10.3-2021.10/bin/../lib/gcc/arm-none-eabi/10.3.1/../../../../arm-none-eabi/lib/thumb/v6-m/nofp/crt0.o

.flash_begin    0x0000000010000000        0x0
                0x0000000010000000                __flash_binary_start = .

.boot2          0x0000000010000000      0x100
                0x0000000010000000                __boot2_start__ = .
 *(.boot2)
 .boot2         0x0000000010000000      0x100 /tmp/ccKreZiM.o
                0x0000000010000100                __boot2_end__ = .
                0x0000000000000001                ASSERT (((__boot2_end__ - __boot2_start__) == 0x100), ERROR: Pico second stage bootloader must be 256 bytes in size)

.text           0x0000000010000100    0x1ae78
                0x0000000010000100                __logical_binary_start = .
 *(.vectors)
 .vectors       0x0000000010000100       0xd4 CMakeFiles/tuya-open-sdk.dir/home/share/samba/tuya/tuya-open-sdk-for-device/board/pico-w/pico-sdk/src/rp2_common/pico_standard_link/crt0.S.obj
                0x0000000010000100                __vectors
                0x0000000010000100                __VECTOR_TABLE
                0x00000000100001c0                isr_invalid
                0x00000000100001c0                __default_isrs_start
                0x00000000100001c2                isr_nmi
                0x00000000100001c4                isr_hardfault
                0x00000000100001c6                isr_svcall
                0x00000000100001c8                isr_pendsv
                0x00000000100001ca                isr_systick
                0x00000000100001cc                isr_irq30
                0x00000000100001cc                __unhandled_user_irq
                0x00000000100001cc                isr_irq13
                0x00000000100001cc                isr_irq27
                0x00000000100001cc                isr_irq31
                0x00000000100001cc                isr_irq5
                0x00000000100001cc                isr_irq11
                0x00000000100001cc                isr_irq23
                0x00000000100001cc                isr_irq18
                0x00000000100001cc                isr_irq28
                0x00000000100001cc                isr_irq19
                0x00000000100001cc                isr_irq0
                0x00000000100001cc                isr_irq6
                0x00000000100001cc                isr_irq22
                0x00000000100001cc                isr_irq17
                0x00000000100001cc                isr_irq14
                0x00000000100001cc                isr_irq2
                0x00000000100001cc                isr_irq10
                0x00000000100001cc                isr_irq8
                0x00000000100001cc                isr_irq24
                0x00000000100001cc                isr_irq1
                0x00000000100001cc                isr_irq7
                0x00000000100001cc                isr_irq21
                0x00000000100001cc                isr_irq20
                0x00000000100001cc                isr_irq15
                0x00000000100001cc                isr_irq25
                0x00000000100001cc                isr_irq4
                0x00000000100001cc                isr_irq16
                0x00000000100001cc                isr_irq29
                0x00000000100001cc                isr_irq26
                0x00000000100001cc                __default_isrs_end
                0x00000000100001cc                isr_irq3
                0x00000000100001cc                isr_irq12
                0x00000000100001cc                isr_irq9
                0x00000000100001d2                unhandled_user_irq_num_in_r0
 *(.binary_info_header)
 .binary_info_header
                0x00000000100001d4       0x14 CMakeFiles/tuya-open-sdk.dir/home/share/samba/tuya/tuya-open-sdk-for-device/board/pico-w/pico-sdk/src/rp2_common/pico_standard_link/crt0.S.obj
                0x00000000100001e8                __binary_info_header_end = .
 *(.reset)
 .reset         0x00000000100001e8       0xa0 CMakeFiles/tuya-open-sdk.dir/home/share/samba/tuya/tuya-open-sdk-for-device/board/pico-w/pico-sdk/src/rp2_common/pico_standard_link/crt0.S.obj
                0x00000000100001e8                _entry_point
 .reset         0x0000000010000288       0x30 CMakeFiles/tuya-open-sdk.dir/home/share/samba/tuya/tuya-open-sdk-for-device/board/pico-w/pico-sdk/src/rp2_common/pico_standard_link/binary_info.c.obj
 *(.init)
 .init          0x00000000100002b8        0x4 /home/share/samba/tuya/tuya-open-sdk-for-device/board/pico-w/gcc-arm-none-eabi-10.3-2021.10/bin/../lib/gcc/arm-none-eabi/10.3.1/thumb/v6-m/nofp/crti.o
                0x00000000100002b8                _init
 *(EXCLUDE_FILE(*libm.a: *libc.a:*lib_a-mem*.o *libgcc.a:) .text*)
 .text          0x00000000100002bc       0x48 /home/share/samba/tuya/tuya-open-sdk-for-device/board/pico-w/gcc-arm-none-eabi-10.3-2021.10/bin/../lib/gcc/arm-none-eabi/10.3.1/thumb/v6-m/nofp/crtbegin.o
 .text.blink_task
                0x0000000010000304       0x24 CMakeFiles/tuya-open-sdk.dir/picow_freertos_ping.c.obj
                0x0000000010000304                blink_task
 .text.iperf_report
                0x0000000010000328       0x4c CMakeFiles/tuya-open-sdk.dir/picow_freertos_ping.c.obj
 .text.main_task
                0x0000000010000374       0xb4 CMakeFiles/tuya-open-sdk.dir/picow_freertos_ping.c.obj
                0x0000000010000374                main_task
 .text.vLaunch  0x0000000010000428       0x2c CMakeFiles/tuya-open-sdk.dir/picow_freertos_ping.c.obj
                0x0000000010000428                vLaunch
 .text.startup.main
                0x0000000010000454       0x20 CMakeFiles/tuya-open-sdk.dir/picow_freertos_ping.c.obj
                0x0000000010000454                main
 .text.clear_lwip_context
                0x0000000010000474       0x10 CMakeFiles/tuya-open-sdk.dir/home/share/samba/tuya/tuya-open-sdk-for-device/board/pico-w/pico-sdk/src/rp2_common/pico_lwip/lwip_freertos.c.obj
 .text.tcpip_init_done
                0x0000000010000484       0x10 CMakeFiles/tuya-open-sdk.dir/home/share/samba/tuya/tuya-open-sdk-for-device/board/pico-w/pico-sdk/src/rp2_common/pico_lwip/lwip_freertos.c.obj
 .text.lwip_freertos_init
                0x0000000010000494       0x68 CMakeFiles/tuya-open-sdk.dir/home/share/samba/tuya/tuya-open-sdk-for-device/board/pico-w/pico-sdk/src/rp2_common/pico_lwip/lwip_freertos.c.obj
                0x0000000010000494                lwip_freertos_init
 .text.lwip_freertos_deinit
                0x00000000100004fc       0x14 CMakeFiles/tuya-open-sdk.dir/home/share/samba/tuya/tuya-open-sdk-for-device/board/pico-w/pico-sdk/src/rp2_common/pico_lwip/lwip_freertos.c.obj
                0x00000000100004fc                lwip_freertos_deinit
 .text.pico_lwip_custom_lock_tcpip_core
                0x0000000010000510       0x30 CMakeFiles/tuya-open-sdk.dir/home/share/samba/tuya/tuya-open-sdk-for-device/board/pico-w/pico-sdk/src/rp2_common/pico_lwip/lwip_freertos.c.obj
                0x0000000010000510                pico_lwip_custom_lock_tcpip_core
 .text.pico_lwip_custom_unlock_tcpip_core
                0x0000000010000540       0x14 CMakeFiles/tuya-open-sdk.dir/home/share/samba/tuya/tuya-open-sdk-for-device/board/pico-w/pico-sdk/src/rp2_common/pico_lwip/lwip_freertos.c.obj
                0x0000000010000540                pico_lwip_custom_unlock_tcpip_core
 .text.async_context_base_add_at_time_worker
                0x0000000010000554       0x28 CMakeFiles/tuya-open-sdk.dir/home/share/samba/tuya/tuya-open-sdk-for-device/board/pico-w/pico-sdk/src/rp2_common/pico_async_context/async_context_base.c.obj
                0x0000000010000554                async_context_base_add_at_time_worker
 .text.async_context_base_remove_at_time_worker
                0x000000001000057c       0x28 CMakeFiles/tuya-open-sdk.dir/home/share/samba/tuya/tuya-open-sdk-for-device/board/pico-w/pico-sdk/src/rp2_common/pico_async_context/async_context_base.c.obj
                0x000000001000057c                async_context_base_remove_at_time_worker
 .text.async_context_base_add_when_pending_worker
                0x00000000100005a4       0x24 CMakeFiles/tuya-open-sdk.dir/home/share/samba/tuya/tuya-open-sdk-for-device/board/pico-w/pico-sdk/src/rp2_common/pico_async_context/async_context_base.c.obj
                0x00000000100005a4                async_context_base_add_when_pending_worker
 .text.async_context_base_remove_when_pending_worker
                0x00000000100005c8       0x28 CMakeFiles/tuya-open-sdk.dir/home/share/samba/tuya/tuya-open-sdk-for-device/board/pico-w/pico-sdk/src/rp2_common/pico_async_context/async_context_base.c.obj
                0x00000000100005c8                async_context_base_remove_when_pending_worker
 .text.async_context_base_execute_once
                0x00000000100005f0       0xe8 CMakeFiles/tuya-open-sdk.dir/home/share/samba/tuya/tuya-open-sdk-for-device/board/pico-w/pico-sdk/src/rp2_common/pico_async_context/async_context_base.c.obj
                0x00000000100005f0                async_context_base_execute_once
 .text.running_on_fpga
                0x00000000100006d8       0x10 CMakeFiles/tuya-open-sdk.dir/home/share/samba/tuya/tuya-open-sdk-for-device/board/pico-w/pico-sdk/src/rp2_common/pico_platform/platform.c.obj
                0x00000000100006d8                running_on_fpga
 .text.lwip_init
                0x00000000100006e8       0x28 CMakeFiles/tuya-open-sdk.dir/home/share/samba/tuya/tuya-open-sdk-for-device/board/pico-w/pico-sdk/lib/lwip/src/core/init.c.obj
                0x00000000100006e8                lwip_init
 .text.lwip_htons
                0x0000000010000710        0x8 CMakeFiles/tuya-open-sdk.dir/home/share/samba/tuya/tuya-open-sdk-for-device/board/pico-w/pico-sdk/lib/lwip/src/core/def.c.obj
                0x0000000010000710                lwip_htons
 .text.lwip_htonl
                0x0000000010000718        0x4 CMakeFiles/tuya-open-sdk.dir/home/share/samba/tuya/tuya-open-sdk-for-device/board/pico-w/pico-sdk/lib/lwip/src/core/def.c.obj
                0x0000000010000718                lwip_htonl
 .text.dns_call_found
                0x000000001000071c      0x134 CMakeFiles/tuya-open-sdk.dir/home/share/samba/tuya/tuya-open-sdk-for-device/board/pico-w/pico-sdk/lib/lwip/src/core/dns.c.obj
 .text.dns_send.isra.0
                0x0000000010000850      0x168 CMakeFiles/tuya-open-sdk.dir/home/share/samba/tuya/tuya-open-sdk-for-device/board/pico-w/pico-sdk/lib/lwip/src/core/dns.c.obj
 .text.dns_init
                0x00000000100009b8        0x4 CMakeFiles/tuya-open-sdk.dir/home/share/samba/tuya/tuya-open-sdk-for-device/board/pico-w/pico-sdk/lib/lwip/src/core/dns.c.obj
                0x00000000100009b8                dns_init
 .text.dns_setserver
                0x00000000100009bc       0x2c CMakeFiles/tuya-open-sdk.dir/home/share/samba/tuya/tuya-open-sdk-for-device/board/pico-w/pico-sdk/lib/lwip/src/core/dns.c.obj
                0x00000000100009bc                dns_setserver
 .text.dns_tmr  0x00000000100009e8      0x138 CMakeFiles/tuya-open-sdk.dir/home/share/samba/tuya/tuya-open-sdk-for-device/board/pico-w/pico-sdk/lib/lwip/src/core/dns.c.obj
                0x00000000100009e8                dns_tmr
 .text.lwip_standard_chksum
                0x0000000010000b20       0xd8 CMakeFiles/tuya-open-sdk.dir/home/share/samba/tuya/tuya-open-sdk-for-device/board/pico-w/pico-sdk/lib/lwip/src/core/inet_chksum.c.obj
                0x0000000010000b20                lwip_standard_chksum
 .text.inet_chksum_pseudo
                0x0000000010000bf8       0xb4 CMakeFiles/tuya-open-sdk.dir/home/share/samba/tuya/tuya-open-sdk-for-device/board/pico-w/pico-sdk/lib/lwip/src/core/inet_chksum.c.obj
                0x0000000010000bf8                inet_chksum_pseudo
 .text.ip_chksum_pseudo
                0x0000000010000cac       0x10 CMakeFiles/tuya-open-sdk.dir/home/share/samba/tuya/tuya-open-sdk-for-device/board/pico-w/pico-sdk/lib/lwip/src/core/inet_chksum.c.obj
                0x0000000010000cac                ip_chksum_pseudo
 .text.inet_chksum
                0x0000000010000cbc        0xc CMakeFiles/tuya-open-sdk.dir/home/share/samba/tuya/tuya-open-sdk-for-device/board/pico-w/pico-sdk/lib/lwip/src/core/inet_chksum.c.obj
                0x0000000010000cbc                inet_chksum
 .text.inet_chksum_pbuf
                0x0000000010000cc8       0x6c CMakeFiles/tuya-open-sdk.dir/home/share/samba/tuya/tuya-open-sdk-for-device/board/pico-w/pico-sdk/lib/lwip/src/core/inet_chksum.c.obj
                0x0000000010000cc8                inet_chksum_pbuf
 .text.mem_init
                0x0000000010000d34       0x58 CMakeFiles/tuya-open-sdk.dir/home/share/samba/tuya/tuya-open-sdk-for-device/board/pico-w/pico-sdk/lib/lwip/src/core/mem.c.obj
                0x0000000010000d34                mem_init
 .text.mem_free
                0x0000000010000d8c      0x14c CMakeFiles/tuya-open-sdk.dir/home/share/samba/tuya/tuya-open-sdk-for-device/board/pico-w/pico-sdk/lib/lwip/src/core/mem.c.obj
                0x0000000010000d8c                mem_free
 .text.mem_trim
                0x0000000010000ed8      0x134 CMakeFiles/tuya-open-sdk.dir/home/share/samba/tuya/tuya-open-sdk-for-device/board/pico-w/pico-sdk/lib/lwip/src/core/mem.c.obj
                0x0000000010000ed8                mem_trim
 .text.mem_malloc
                0x000000001000100c      0x148 CMakeFiles/tuya-open-sdk.dir/home/share/samba/tuya/tuya-open-sdk-for-device/board/pico-w/pico-sdk/lib/lwip/src/core/mem.c.obj
                0x000000001000100c                mem_malloc
 .text.memp_init
                0x0000000010001154       0x6c CMakeFiles/tuya-open-sdk.dir/home/share/samba/tuya/tuya-open-sdk-for-device/board/pico-w/pico-sdk/lib/lwip/src/core/memp.c.obj
                0x0000000010001154                memp_init
 .text.memp_malloc
                0x00000000100011c0       0x3c CMakeFiles/tuya-open-sdk.dir/home/share/samba/tuya/tuya-open-sdk-for-device/board/pico-w/pico-sdk/lib/lwip/src/core/memp.c.obj
                0x00000000100011c0                memp_malloc
 .text.memp_free
                0x00000000100011fc       0x38 CMakeFiles/tuya-open-sdk.dir/home/share/samba/tuya/tuya-open-sdk-for-device/board/pico-w/pico-sdk/lib/lwip/src/core/memp.c.obj
                0x00000000100011fc                memp_free
 .text.netif_null_output_ip4
                0x0000000010001234        0x8 CMakeFiles/tuya-open-sdk.dir/home/share/samba/tuya/tuya-open-sdk-for-device/board/pico-w/pico-sdk/lib/lwip/src/core/netif.c.obj
 .text.netif_do_set_ipaddr.isra.0
                0x000000001000123c       0x70 CMakeFiles/tuya-open-sdk.dir/home/share/samba/tuya/tuya-open-sdk-for-device/board/pico-w/pico-sdk/lib/lwip/src/core/netif.c.obj
 .text.netif_init
                0x00000000100012ac        0x4 CMakeFiles/tuya-open-sdk.dir/home/share/samba/tuya/tuya-open-sdk-for-device/board/pico-w/pico-sdk/lib/lwip/src/core/netif.c.obj
                0x00000000100012ac                netif_init
 .text.netif_add
                0x00000000100012b0      0x144 CMakeFiles/tuya-open-sdk.dir/home/share/samba/tuya/tuya-open-sdk-for-device/board/pico-w/pico-sdk/lib/lwip/src/core/netif.c.obj
                0x00000000100012b0                netif_add
 .text.netif_set_addr
                0x00000000100013f4       0xb8 CMakeFiles/tuya-open-sdk.dir/home/share/samba/tuya/tuya-open-sdk-for-device/board/pico-w/pico-sdk/lib/lwip/src/core/netif.c.obj
                0x00000000100013f4                netif_set_addr
 .text.netif_remove
                0x00000000100014ac       0x94 CMakeFiles/tuya-open-sdk.dir/home/share/samba/tuya/tuya-open-sdk-for-device/board/pico-w/pico-sdk/lib/lwip/src/core/netif.c.obj
                0x00000000100014ac                netif_remove
 .text.netif_set_default
                0x0000000010001540        0xc CMakeFiles/tuya-open-sdk.dir/home/share/samba/tuya/tuya-open-sdk-for-device/board/pico-w/pico-sdk/lib/lwip/src/core/netif.c.obj
                0x0000000010001540                netif_set_default
 .text.netif_set_up
                0x000000001000154c       0x40 CMakeFiles/tuya-open-sdk.dir/home/share/samba/tuya/tuya-open-sdk-for-device/board/pico-w/pico-sdk/lib/lwip/src/core/netif.c.obj
                0x000000001000154c                netif_set_up
 .text.netif_set_link_up
                0x000000001000158c       0x44 CMakeFiles/tuya-open-sdk.dir/home/share/samba/tuya/tuya-open-sdk-for-device/board/pico-w/pico-sdk/lib/lwip/src/core/netif.c.obj
                0x000000001000158c                netif_set_link_up
 .text.netif_set_link_down
                0x00000000100015d0       0x20 CMakeFiles/tuya-open-sdk.dir/home/share/samba/tuya/tuya-open-sdk-for-device/board/pico-w/pico-sdk/lib/lwip/src/core/netif.c.obj
                0x00000000100015d0                netif_set_link_down
 .text.netif_get_by_index
                0x00000000100015f0       0x2c CMakeFiles/tuya-open-sdk.dir/home/share/samba/tuya/tuya-open-sdk-for-device/board/pico-w/pico-sdk/lib/lwip/src/core/netif.c.obj
                0x00000000100015f0                netif_get_by_index
 .text.pbuf_free_ooseq_callback
                0x000000001000161c       0x34 CMakeFiles/tuya-open-sdk.dir/home/share/samba/tuya/tuya-open-sdk-for-device/board/pico-w/pico-sdk/lib/lwip/src/core/pbuf.c.obj
 .text.pbuf_free.part.0
                0x0000000010001650       0x7c CMakeFiles/tuya-open-sdk.dir/home/share/samba/tuya/tuya-open-sdk-for-device/board/pico-w/pico-sdk/lib/lwip/src/core/pbuf.c.obj
 .text.pbuf_alloc
                0x00000000100016cc      0x158 CMakeFiles/tuya-open-sdk.dir/home/share/samba/tuya/tuya-open-sdk-for-device/board/pico-w/pico-sdk/lib/lwip/src/core/pbuf.c.obj
                0x00000000100016cc                pbuf_alloc
 .text.pbuf_realloc
                0x0000000010001824       0x88 CMakeFiles/tuya-open-sdk.dir/home/share/samba/tuya/tuya-open-sdk-for-device/board/pico-w/pico-sdk/lib/lwip/src/core/pbuf.c.obj
                0x0000000010001824                pbuf_realloc
 .text.pbuf_add_header
                0x00000000100018ac       0x54 CMakeFiles/tuya-open-sdk.dir/home/share/samba/tuya/tuya-open-sdk-for-device/board/pico-w/pico-sdk/lib/lwip/src/core/pbuf.c.obj
                0x00000000100018ac                pbuf_add_header
 .text.pbuf_remove_header
                0x0000000010001900       0x44 CMakeFiles/tuya-open-sdk.dir/home/share/samba/tuya/tuya-open-sdk-for-device/board/pico-w/pico-sdk/lib/lwip/src/core/pbuf.c.obj
                0x0000000010001900                pbuf_remove_header
 .text.pbuf_header_force
                0x0000000010001944       0x74 CMakeFiles/tuya-open-sdk.dir/home/share/samba/tuya/tuya-open-sdk-for-device/board/pico-w/pico-sdk/lib/lwip/src/core/pbuf.c.obj
                0x0000000010001944                pbuf_header_force
 .text.pbuf_free
                0x00000000100019b8       0x18 CMakeFiles/tuya-open-sdk.dir/home/share/samba/tuya/tuya-open-sdk-for-device/board/pico-w/pico-sdk/lib/lwip/src/core/pbuf.c.obj
                0x00000000100019b8                pbuf_free
 .text.pbuf_clen
                0x00000000100019d0       0x14 CMakeFiles/tuya-open-sdk.dir/home/share/samba/tuya/tuya-open-sdk-for-device/board/pico-w/pico-sdk/lib/lwip/src/core/pbuf.c.obj
                0x00000000100019d0                pbuf_clen
 .text.pbuf_ref
                0x00000000100019e4       0x28 CMakeFiles/tuya-open-sdk.dir/home/share/samba/tuya/tuya-open-sdk-for-device/board/pico-w/pico-sdk/lib/lwip/src/core/pbuf.c.obj
                0x00000000100019e4                pbuf_ref
 .text.pbuf_cat
                0x0000000010001a0c       0x3c CMakeFiles/tuya-open-sdk.dir/home/share/samba/tuya/tuya-open-sdk-for-device/board/pico-w/pico-sdk/lib/lwip/src/core/pbuf.c.obj
                0x0000000010001a0c                pbuf_cat
 .text.pbuf_chain
                0x0000000010001a48       0x64 CMakeFiles/tuya-open-sdk.dir/home/share/samba/tuya/tuya-open-sdk-for-device/board/pico-w/pico-sdk/lib/lwip/src/core/pbuf.c.obj
                0x0000000010001a48                pbuf_chain
 .text.pbuf_copy_partial_pbuf
                0x0000000010001aac      0x13c CMakeFiles/tuya-open-sdk.dir/home/share/samba/tuya/tuya-open-sdk-for-device/board/pico-w/pico-sdk/lib/lwip/src/core/pbuf.c.obj
                0x0000000010001aac                pbuf_copy_partial_pbuf
 .text.pbuf_copy
                0x0000000010001be8       0x18 CMakeFiles/tuya-open-sdk.dir/home/share/samba/tuya/tuya-open-sdk-for-device/board/pico-w/pico-sdk/lib/lwip/src/core/pbuf.c.obj
                0x0000000010001be8                pbuf_copy
 .text.pbuf_copy_partial
                0x0000000010001c00       0x70 CMakeFiles/tuya-open-sdk.dir/home/share/samba/tuya/tuya-open-sdk-for-device/board/pico-w/pico-sdk/lib/lwip/src/core/pbuf.c.obj
                0x0000000010001c00                pbuf_copy_partial
 .text.pbuf_take
                0x0000000010001c70       0x78 CMakeFiles/tuya-open-sdk.dir/home/share/samba/tuya/tuya-open-sdk-for-device/board/pico-w/pico-sdk/lib/lwip/src/core/pbuf.c.obj
                0x0000000010001c70                pbuf_take
 .text.pbuf_take_at
                0x0000000010001ce8       0xc0 CMakeFiles/tuya-open-sdk.dir/home/share/samba/tuya/tuya-open-sdk-for-device/board/pico-w/pico-sdk/lib/lwip/src/core/pbuf.c.obj
                0x0000000010001ce8                pbuf_take_at
 .text.pbuf_clone
                0x0000000010001da8       0x30 CMakeFiles/tuya-open-sdk.dir/home/share/samba/tuya/tuya-open-sdk-for-device/board/pico-w/pico-sdk/lib/lwip/src/core/pbuf.c.obj
                0x0000000010001da8                pbuf_clone
 .text.pbuf_put_at
                0x0000000010001dd8       0x1c CMakeFiles/tuya-open-sdk.dir/home/share/samba/tuya/tuya-open-sdk-for-device/board/pico-w/pico-sdk/lib/lwip/src/core/pbuf.c.obj
                0x0000000010001dd8                pbuf_put_at
 .text.pbuf_memcmp
                0x0000000010001df4       0x74 CMakeFiles/tuya-open-sdk.dir/home/share/samba/tuya/tuya-open-sdk-for-device/board/pico-w/pico-sdk/lib/lwip/src/core/pbuf.c.obj
                0x0000000010001df4                pbuf_memcmp
 .text.raw_input
                0x0000000010001e68       0xf0 CMakeFiles/tuya-open-sdk.dir/home/share/samba/tuya/tuya-open-sdk-for-device/board/pico-w/pico-sdk/lib/lwip/src/core/raw.c.obj
                0x0000000010001e68                raw_input
 .text.raw_netif_ip_addr_changed
                0x0000000010001f58       0x40 CMakeFiles/tuya-open-sdk.dir/home/share/samba/tuya/tuya-open-sdk-for-device/board/pico-w/pico-sdk/lib/lwip/src/core/raw.c.obj
                0x0000000010001f58                raw_netif_ip_addr_changed
 .text.stats_init
                0x0000000010001f98        0x4 CMakeFiles/tuya-open-sdk.dir/home/share/samba/tuya/tuya-open-sdk-for-device/board/pico-w/pico-sdk/lib/lwip/src/core/stats.c.obj
                0x0000000010001f98                stats_init
 .text.tcp_close_shutdown_fin
                0x0000000010001f9c       0x58 CMakeFiles/tuya-open-sdk.dir/home/share/samba/tuya/tuya-open-sdk-for-device/board/pico-w/pico-sdk/lib/lwip/src/core/tcp.c.obj
 .text.tcp_pcb_purge.part.0
                0x0000000010001ff4       0xc4 CMakeFiles/tuya-open-sdk.dir/home/share/samba/tuya/tuya-open-sdk-for-device/board/pico-w/pico-sdk/lib/lwip/src/core/tcp.c.obj
 .text.tcp_init
                0x00000000100020b8       0x20 CMakeFiles/tuya-open-sdk.dir/home/share/samba/tuya/tuya-open-sdk-for-device/board/pico-w/pico-sdk/lib/lwip/src/core/tcp.c.obj
                0x00000000100020b8                tcp_init
 .text.tcp_free
                0x00000000100020d8       0x1c CMakeFiles/tuya-open-sdk.dir/home/share/samba/tuya/tuya-open-sdk-for-device/board/pico-w/pico-sdk/lib/lwip/src/core/tcp.c.obj
                0x00000000100020d8                tcp_free
 .text.tcp_bind
                0x00000000100020f4       0xf8 CMakeFiles/tuya-open-sdk.dir/home/share/samba/tuya/tuya-open-sdk-for-device/board/pico-w/pico-sdk/lib/lwip/src/core/tcp.c.obj
                0x00000000100020f4                tcp_bind
 .text.tcp_listen_with_backlog
                0x00000000100021ec       0x98 CMakeFiles/tuya-open-sdk.dir/home/share/samba/tuya/tuya-open-sdk-for-device/board/pico-w/pico-sdk/lib/lwip/src/core/tcp.c.obj
                0x00000000100021ec                tcp_listen_with_backlog
 .text.tcp_update_rcv_ann_wnd
                0x0000000010002284       0x60 CMakeFiles/tuya-open-sdk.dir/home/share/samba/tuya/tuya-open-sdk-for-device/board/pico-w/pico-sdk/lib/lwip/src/core/tcp.c.obj
                0x0000000010002284                tcp_update_rcv_ann_wnd
 .text.tcp_recved
                0x00000000100022e4       0x98 CMakeFiles/tuya-open-sdk.dir/home/share/samba/tuya/tuya-open-sdk-for-device/board/pico-w/pico-sdk/lib/lwip/src/core/tcp.c.obj
                0x00000000100022e4                tcp_recved
 .text.tcp_connect
                0x000000001000237c      0x1a8 CMakeFiles/tuya-open-sdk.dir/home/share/samba/tuya/tuya-open-sdk-for-device/board/pico-w/pico-sdk/lib/lwip/src/core/tcp.c.obj
                0x000000001000237c                tcp_connect
 .text.tcp_slowtmr
                0x0000000010002524      0x4dc CMakeFiles/tuya-open-sdk.dir/home/share/samba/tuya/tuya-open-sdk-for-device/board/pico-w/pico-sdk/lib/lwip/src/core/tcp.c.obj
                0x0000000010002524                tcp_slowtmr
 .text.tcp_segs_free
                0x0000000010002a00       0x38 CMakeFiles/tuya-open-sdk.dir/home/share/samba/tuya/tuya-open-sdk-for-device/board/pico-w/pico-sdk/lib/lwip/src/core/tcp.c.obj
                0x0000000010002a00                tcp_segs_free
 .text.tcp_seg_free
                0x0000000010002a38       0x1c CMakeFiles/tuya-open-sdk.dir/home/share/samba/tuya/tuya-open-sdk-for-device/board/pico-w/pico-sdk/lib/lwip/src/core/tcp.c.obj
                0x0000000010002a38                tcp_seg_free
 .text.tcp_seg_copy
                0x0000000010002a54       0x2c CMakeFiles/tuya-open-sdk.dir/home/share/samba/tuya/tuya-open-sdk-for-device/board/pico-w/pico-sdk/lib/lwip/src/core/tcp.c.obj
                0x0000000010002a54                tcp_seg_copy
 .text.tcp_arg  0x0000000010002a80        0x8 CMakeFiles/tuya-open-sdk.dir/home/share/samba/tuya/tuya-open-sdk-for-device/board/pico-w/pico-sdk/lib/lwip/src/core/tcp.c.obj
                0x0000000010002a80                tcp_arg
 .text.tcp_recv
                0x0000000010002a88       0x1c CMakeFiles/tuya-open-sdk.dir/home/share/samba/tuya/tuya-open-sdk-for-device/board/pico-w/pico-sdk/lib/lwip/src/core/tcp.c.obj
                0x0000000010002a88                tcp_recv
 .text.tcp_sent
                0x0000000010002aa4       0x1c CMakeFiles/tuya-open-sdk.dir/home/share/samba/tuya/tuya-open-sdk-for-device/board/pico-w/pico-sdk/lib/lwip/src/core/tcp.c.obj
                0x0000000010002aa4                tcp_sent
 .text.tcp_err  0x0000000010002ac0       0x1c CMakeFiles/tuya-open-sdk.dir/home/share/samba/tuya/tuya-open-sdk-for-device/board/pico-w/pico-sdk/lib/lwip/src/core/tcp.c.obj
                0x0000000010002ac0                tcp_err
 .text.tcp_accept
                0x0000000010002adc       0x10 CMakeFiles/tuya-open-sdk.dir/home/share/samba/tuya/tuya-open-sdk-for-device/board/pico-w/pico-sdk/lib/lwip/src/core/tcp.c.obj
                0x0000000010002adc                tcp_accept
 .text.tcp_poll
                0x0000000010002aec       0x20 CMakeFiles/tuya-open-sdk.dir/home/share/samba/tuya/tuya-open-sdk-for-device/board/pico-w/pico-sdk/lib/lwip/src/core/tcp.c.obj
                0x0000000010002aec                tcp_poll
 .text.tcp_pcb_purge
                0x0000000010002b0c       0x18 CMakeFiles/tuya-open-sdk.dir/home/share/samba/tuya/tuya-open-sdk-for-device/board/pico-w/pico-sdk/lib/lwip/src/core/tcp.c.obj
                0x0000000010002b0c                tcp_pcb_purge
 .text.tcp_pcb_remove
                0x0000000010002b24       0xc8 CMakeFiles/tuya-open-sdk.dir/home/share/samba/tuya/tuya-open-sdk-for-device/board/pico-w/pico-sdk/lib/lwip/src/core/tcp.c.obj
                0x0000000010002b24                tcp_pcb_remove
 .text.tcp_abandon
                0x0000000010002bec      0x1ac CMakeFiles/tuya-open-sdk.dir/home/share/samba/tuya/tuya-open-sdk-for-device/board/pico-w/pico-sdk/lib/lwip/src/core/tcp.c.obj
                0x0000000010002bec                tcp_abandon
 .text.tcp_abort
                0x0000000010002d98        0xc CMakeFiles/tuya-open-sdk.dir/home/share/samba/tuya/tuya-open-sdk-for-device/board/pico-w/pico-sdk/lib/lwip/src/core/tcp.c.obj
                0x0000000010002d98                tcp_abort
 .text.tcp_accept_null
                0x0000000010002da4       0x20 CMakeFiles/tuya-open-sdk.dir/home/share/samba/tuya/tuya-open-sdk-for-device/board/pico-w/pico-sdk/lib/lwip/src/core/tcp.c.obj
 .text.tcp_alloc
                0x0000000010002dc4      0x1cc CMakeFiles/tuya-open-sdk.dir/home/share/samba/tuya/tuya-open-sdk-for-device/board/pico-w/pico-sdk/lib/lwip/src/core/tcp.c.obj
                0x0000000010002dc4                tcp_alloc
 .text.tcp_new_ip_type
                0x0000000010002f90      0x1ac CMakeFiles/tuya-open-sdk.dir/home/share/samba/tuya/tuya-open-sdk-for-device/board/pico-w/pico-sdk/lib/lwip/src/core/tcp.c.obj
                0x0000000010002f90                tcp_new_ip_type
 .text.tcp_close_shutdown
                0x000000001000313c      0x18c CMakeFiles/tuya-open-sdk.dir/home/share/samba/tuya/tuya-open-sdk-for-device/board/pico-w/pico-sdk/lib/lwip/src/core/tcp.c.obj
 .text.tcp_recv_null
                0x00000000100032c8       0xd4 CMakeFiles/tuya-open-sdk.dir/home/share/samba/tuya/tuya-open-sdk-for-device/board/pico-w/pico-sdk/lib/lwip/src/core/tcp.c.obj
                0x00000000100032c8                tcp_recv_null
 .text.tcp_process_refused_data
                0x000000001000339c       0x78 CMakeFiles/tuya-open-sdk.dir/home/share/samba/tuya/tuya-open-sdk-for-device/board/pico-w/pico-sdk/lib/lwip/src/core/tcp.c.obj
                0x000000001000339c                tcp_process_refused_data
 .text.tcp_fasttmr
                0x0000000010003414       0x98 CMakeFiles/tuya-open-sdk.dir/home/share/samba/tuya/tuya-open-sdk-for-device/board/pico-w/pico-sdk/lib/lwip/src/core/tcp.c.obj
                0x0000000010003414                tcp_fasttmr
 .text.tcp_tmr  0x00000000100034ac       0x20 CMakeFiles/tuya-open-sdk.dir/home/share/samba/tuya/tuya-open-sdk-for-device/board/pico-w/pico-sdk/lib/lwip/src/core/tcp.c.obj
                0x00000000100034ac                tcp_tmr
 .text.tcp_close
                0x00000000100034cc      0x174 CMakeFiles/tuya-open-sdk.dir/home/share/samba/tuya/tuya-open-sdk-for-device/board/pico-w/pico-sdk/lib/lwip/src/core/tcp.c.obj
                0x00000000100034cc                tcp_close
 .text.tcp_next_iss
                0x0000000010003640       0x28 CMakeFiles/tuya-open-sdk.dir/home/share/samba/tuya/tuya-open-sdk-for-device/board/pico-w/pico-sdk/lib/lwip/src/core/tcp.c.obj
                0x0000000010003640                tcp_next_iss
 .text.tcp_eff_send_mss_netif
                0x0000000010003668       0x38 CMakeFiles/tuya-open-sdk.dir/home/share/samba/tuya/tuya-open-sdk-for-device/board/pico-w/pico-sdk/lib/lwip/src/core/tcp.c.obj
                0x0000000010003668                tcp_eff_send_mss_netif
 .text.tcp_netif_ip_addr_changed
                0x00000000100036a0       0x9c CMakeFiles/tuya-open-sdk.dir/home/share/samba/tuya/tuya-open-sdk-for-device/board/pico-w/pico-sdk/lib/lwip/src/core/tcp.c.obj
                0x00000000100036a0                tcp_netif_ip_addr_changed
 .text.tcp_free_ooseq
                0x000000001000373c       0x40 CMakeFiles/tuya-open-sdk.dir/home/share/samba/tuya/tuya-open-sdk-for-device/board/pico-w/pico-sdk/lib/lwip/src/core/tcp.c.obj
                0x000000001000373c                tcp_free_ooseq
 .text.tcp_parseopt
                0x000000001000377c      0x190 CMakeFiles/tuya-open-sdk.dir/home/share/samba/tuya/tuya-open-sdk-for-device/board/pico-w/pico-sdk/lib/lwip/src/core/tcp_in.c.obj
 .text.tcp_oos_insert_segment
                0x000000001000390c       0xe0 CMakeFiles/tuya-open-sdk.dir/home/share/samba/tuya/tuya-open-sdk-for-device/board/pico-w/pico-sdk/lib/lwip/src/core/tcp_in.c.obj
 .text.tcp_free_acked_segments.constprop.0
                0x00000000100039ec       0xdc CMakeFiles/tuya-open-sdk.dir/home/share/samba/tuya/tuya-open-sdk-for-device/board/pico-w/pico-sdk/lib/lwip/src/core/tcp_in.c.obj
 .text.tcp_receive
                0x0000000010003ac8      0xa4c CMakeFiles/tuya-open-sdk.dir/home/share/samba/tuya/tuya-open-sdk-for-device/board/pico-w/pico-sdk/lib/lwip/src/core/tcp_in.c.obj
 .text.tcp_input
                0x0000000010004514      0xda4 CMakeFiles/tuya-open-sdk.dir/home/share/samba/tuya/tuya-open-sdk-for-device/board/pico-w/pico-sdk/lib/lwip/src/core/tcp_in.c.obj
                0x0000000010004514                tcp_input
 .text.tcp_trigger_input_pcb_close
                0x00000000100052b8       0x10 CMakeFiles/tuya-open-sdk.dir/home/share/samba/tuya/tuya-open-sdk-for-device/board/pico-w/pico-sdk/lib/lwip/src/core/tcp_in.c.obj
                0x00000000100052b8                tcp_trigger_input_pcb_close
 .text.tcp_create_segment
                0x00000000100052c8       0xf8 CMakeFiles/tuya-open-sdk.dir/home/share/samba/tuya/tuya-open-sdk-for-device/board/pico-w/pico-sdk/lib/lwip/src/core/tcp_out.c.obj
 .text.tcp_output_control_segment
                0x00000000100053c0       0xc0 CMakeFiles/tuya-open-sdk.dir/home/share/samba/tuya/tuya-open-sdk-for-device/board/pico-w/pico-sdk/lib/lwip/src/core/tcp_out.c.obj
 .text.tcp_output_alloc_header.constprop.0
                0x0000000010005480       0xcc CMakeFiles/tuya-open-sdk.dir/home/share/samba/tuya/tuya-open-sdk-for-device/board/pico-w/pico-sdk/lib/lwip/src/core/tcp_out.c.obj
 .text.tcp_write
                0x000000001000554c      0x494 CMakeFiles/tuya-open-sdk.dir/home/share/samba/tuya/tuya-open-sdk-for-device/board/pico-w/pico-sdk/lib/lwip/src/core/tcp_out.c.obj
                0x000000001000554c                tcp_write
 .text.tcp_split_unsent_seg
                0x00000000100059e0      0x1c4 CMakeFiles/tuya-open-sdk.dir/home/share/samba/tuya/tuya-open-sdk-for-device/board/pico-w/pico-sdk/lib/lwip/src/core/tcp_out.c.obj
                0x00000000100059e0                tcp_split_unsent_seg
 .text.tcp_send_fin
                0x0000000010005ba4      0x12c CMakeFiles/tuya-open-sdk.dir/home/share/samba/tuya/tuya-open-sdk-for-device/board/pico-w/pico-sdk/lib/lwip/src/core/tcp_out.c.obj
                0x0000000010005ba4                tcp_send_fin
 .text.tcp_enqueue_flags
                0x0000000010005cd0      0x124 CMakeFiles/tuya-open-sdk.dir/home/share/samba/tuya/tuya-open-sdk-for-device/board/pico-w/pico-sdk/lib/lwip/src/core/tcp_out.c.obj
                0x0000000010005cd0                tcp_enqueue_flags
 .text.tcp_rexmit_rto_prepare
                0x0000000010005df4       0x9c CMakeFiles/tuya-open-sdk.dir/home/share/samba/tuya/tuya-open-sdk-for-device/board/pico-w/pico-sdk/lib/lwip/src/core/tcp_out.c.obj
                0x0000000010005df4                tcp_rexmit_rto_prepare
 .text.tcp_rexmit
                0x0000000010005e90       0x9c CMakeFiles/tuya-open-sdk.dir/home/share/samba/tuya/tuya-open-sdk-for-device/board/pico-w/pico-sdk/lib/lwip/src/core/tcp_out.c.obj
                0x0000000010005e90                tcp_rexmit
 .text.tcp_rexmit_fast
                0x0000000010005f2c       0x64 CMakeFiles/tuya-open-sdk.dir/home/share/samba/tuya/tuya-open-sdk-for-device/board/pico-w/pico-sdk/lib/lwip/src/core/tcp_out.c.obj
                0x0000000010005f2c                tcp_rexmit_fast
 .text.tcp_rst  0x0000000010005f90       0xe8 CMakeFiles/tuya-open-sdk.dir/home/share/samba/tuya/tuya-open-sdk-for-device/board/pico-w/pico-sdk/lib/lwip/src/core/tcp_out.c.obj
                0x0000000010005f90                tcp_rst
 .text.tcp_rst_netif
                0x0000000010006078      0x130 CMakeFiles/tuya-open-sdk.dir/home/share/samba/tuya/tuya-open-sdk-for-device/board/pico-w/pico-sdk/lib/lwip/src/core/tcp_out.c.obj
                0x0000000010006078                tcp_rst_netif
 .text.tcp_send_empty_ack
                0x00000000100061a8       0x54 CMakeFiles/tuya-open-sdk.dir/home/share/samba/tuya/tuya-open-sdk-for-device/board/pico-w/pico-sdk/lib/lwip/src/core/tcp_out.c.obj
                0x00000000100061a8                tcp_send_empty_ack
 .text.tcp_output
                0x00000000100061fc      0x46c CMakeFiles/tuya-open-sdk.dir/home/share/samba/tuya/tuya-open-sdk-for-device/board/pico-w/pico-sdk/lib/lwip/src/core/tcp_out.c.obj
                0x00000000100061fc                tcp_output
 .text.tcp_rexmit_rto_commit
                0x0000000010006668       0x24 CMakeFiles/tuya-open-sdk.dir/home/share/samba/tuya/tuya-open-sdk-for-device/board/pico-w/pico-sdk/lib/lwip/src/core/tcp_out.c.obj
                0x0000000010006668                tcp_rexmit_rto_commit
 .text.tcp_rexmit_rto
                0x000000001000668c       0xa4 CMakeFiles/tuya-open-sdk.dir/home/share/samba/tuya/tuya-open-sdk-for-device/board/pico-w/pico-sdk/lib/lwip/src/core/tcp_out.c.obj
                0x000000001000668c                tcp_rexmit_rto
 .text.tcp_keepalive
                0x0000000010006730       0xe0 CMakeFiles/tuya-open-sdk.dir/home/share/samba/tuya/tuya-open-sdk-for-device/board/pico-w/pico-sdk/lib/lwip/src/core/tcp_out.c.obj
                0x0000000010006730                tcp_keepalive
 .text.tcp_zero_window_probe
                0x0000000010006810      0x108 CMakeFiles/tuya-open-sdk.dir/home/share/samba/tuya/tuya-open-sdk-for-device/board/pico-w/pico-sdk/lib/lwip/src/core/tcp_out.c.obj
                0x0000000010006810                tcp_zero_window_probe
 .text.sys_timeout_abs
                0x0000000010006918       0x48 CMakeFiles/tuya-open-sdk.dir/home/share/samba/tuya/tuya-open-sdk-for-device/board/pico-w/pico-sdk/lib/lwip/src/core/timeouts.c.obj
 .text.lwip_cyclic_timer
                0x0000000010006960       0x38 CMakeFiles/tuya-open-sdk.dir/home/share/samba/tuya/tuya-open-sdk-for-device/board/pico-w/pico-sdk/lib/lwip/src/core/timeouts.c.obj
 .text.tcpip_tcp_timer
                0x0000000010006998       0x3c CMakeFiles/tuya-open-sdk.dir/home/share/samba/tuya/tuya-open-sdk-for-device/board/pico-w/pico-sdk/lib/lwip/src/core/timeouts.c.obj
 .text.tcp_timer_needed
                0x00000000100069d4       0x40 CMakeFiles/tuya-open-sdk.dir/home/share/samba/tuya/tuya-open-sdk-for-device/board/pico-w/pico-sdk/lib/lwip/src/core/timeouts.c.obj
                0x00000000100069d4                tcp_timer_needed
 .text.sys_timeouts_init
                0x0000000010006a14       0x90 CMakeFiles/tuya-open-sdk.dir/home/share/samba/tuya/tuya-open-sdk-for-device/board/pico-w/pico-sdk/lib/lwip/src/core/timeouts.c.obj
                0x0000000010006a14                sys_timeouts_init
 .text.sys_check_timeouts
                0x0000000010006aa4       0x48 CMakeFiles/tuya-open-sdk.dir/home/share/samba/tuya/tuya-open-sdk-for-device/board/pico-w/pico-sdk/lib/lwip/src/core/timeouts.c.obj
                0x0000000010006aa4                sys_check_timeouts
 .text.sys_timeouts_sleeptime
                0x0000000010006aec       0x28 CMakeFiles/tuya-open-sdk.dir/home/share/samba/tuya/tuya-open-sdk-for-device/board/pico-w/pico-sdk/lib/lwip/src/core/timeouts.c.obj
                0x0000000010006aec                sys_timeouts_sleeptime
 .text.udp_init
                0x0000000010006b14       0x20 CMakeFiles/tuya-open-sdk.dir/home/share/samba/tuya/tuya-open-sdk-for-device/board/pico-w/pico-sdk/lib/lwip/src/core/udp.c.obj
                0x0000000010006b14                udp_init
 .text.udp_input
                0x0000000010006b34      0x24c CMakeFiles/tuya-open-sdk.dir/home/share/samba/tuya/tuya-open-sdk-for-device/board/pico-w/pico-sdk/lib/lwip/src/core/udp.c.obj
                0x0000000010006b34                udp_input
 .text.udp_bind
                0x0000000010006d80      0x10c CMakeFiles/tuya-open-sdk.dir/home/share/samba/tuya/tuya-open-sdk-for-device/board/pico-w/pico-sdk/lib/lwip/src/core/udp.c.obj
                0x0000000010006d80                udp_bind
 .text.udp_sendto_if_src
                0x0000000010006e8c      0x130 CMakeFiles/tuya-open-sdk.dir/home/share/samba/tuya/tuya-open-sdk-for-device/board/pico-w/pico-sdk/lib/lwip/src/core/udp.c.obj
                0x0000000010006e8c                udp_sendto_if_src
 .text.udp_sendto_if
                0x0000000010006fbc       0x48 CMakeFiles/tuya-open-sdk.dir/home/share/samba/tuya/tuya-open-sdk-for-device/board/pico-w/pico-sdk/lib/lwip/src/core/udp.c.obj
                0x0000000010006fbc                udp_sendto_if
 .text.udp_sendto
                0x0000000010007004       0x7c CMakeFiles/tuya-open-sdk.dir/home/share/samba/tuya/tuya-open-sdk-for-device/board/pico-w/pico-sdk/lib/lwip/src/core/udp.c.obj
                0x0000000010007004                udp_sendto
 .text.udp_connect
                0x0000000010007080       0x64 CMakeFiles/tuya-open-sdk.dir/home/share/samba/tuya/tuya-open-sdk-for-device/board/pico-w/pico-sdk/lib/lwip/src/core/udp.c.obj
                0x0000000010007080                udp_connect
 .text.udp_recv
                0x00000000100070e4        0xc CMakeFiles/tuya-open-sdk.dir/home/share/samba/tuya/tuya-open-sdk-for-device/board/pico-w/pico-sdk/lib/lwip/src/core/udp.c.obj
                0x00000000100070e4                udp_recv
 .text.udp_remove
                0x00000000100070f0       0x3c CMakeFiles/tuya-open-sdk.dir/home/share/samba/tuya/tuya-open-sdk-for-device/board/pico-w/pico-sdk/lib/lwip/src/core/udp.c.obj
                0x00000000100070f0                udp_remove
 .text.udp_new  0x000000001000712c       0x1c CMakeFiles/tuya-open-sdk.dir/home/share/samba/tuya/tuya-open-sdk-for-device/board/pico-w/pico-sdk/lib/lwip/src/core/udp.c.obj
                0x000000001000712c                udp_new
 .text.udp_netif_ip_addr_changed
                0x0000000010007148       0x40 CMakeFiles/tuya-open-sdk.dir/home/share/samba/tuya/tuya-open-sdk-for-device/board/pico-w/pico-sdk/lib/lwip/src/core/udp.c.obj
                0x0000000010007148                udp_netif_ip_addr_changed
 .text.dhcp_create_msg
                0x0000000010007188      0x16c CMakeFiles/tuya-open-sdk.dir/home/share/samba/tuya/tuya-open-sdk-for-device/board/pico-w/pico-sdk/lib/lwip/src/core/ipv4/dhcp.c.obj
 .text.dhcp_inc_pcb_refcount
                0x00000000100072f4       0x6c CMakeFiles/tuya-open-sdk.dir/home/share/samba/tuya/tuya-open-sdk-for-device/board/pico-w/pico-sdk/lib/lwip/src/core/ipv4/dhcp.c.obj
 .text.dhcp_bind
                0x0000000010007360      0x140 CMakeFiles/tuya-open-sdk.dir/home/share/samba/tuya/tuya-open-sdk-for-device/board/pico-w/pico-sdk/lib/lwip/src/core/ipv4/dhcp.c.obj
 .text.dhcp_option_hostname.isra.0
                0x00000000100074a0       0x8c CMakeFiles/tuya-open-sdk.dir/home/share/samba/tuya/tuya-open-sdk-for-device/board/pico-w/pico-sdk/lib/lwip/src/core/ipv4/dhcp.c.obj
 .text.dhcp_handle_ack.isra.0
                0x000000001000752c       0xcc CMakeFiles/tuya-open-sdk.dir/home/share/samba/tuya/tuya-open-sdk-for-device/board/pico-w/pico-sdk/lib/lwip/src/core/ipv4/dhcp.c.obj
 .text.dhcp_reboot.isra.0
                0x00000000100075f8      0x1e4 CMakeFiles/tuya-open-sdk.dir/home/share/samba/tuya/tuya-open-sdk-for-device/board/pico-w/pico-sdk/lib/lwip/src/core/ipv4/dhcp.c.obj
 .text.dhcp_discover
                0x00000000100077dc      0x198 CMakeFiles/tuya-open-sdk.dir/home/share/samba/tuya/tuya-open-sdk-for-device/board/pico-w/pico-sdk/lib/lwip/src/core/ipv4/dhcp.c.obj
 .text.dhcp_select.isra.0
                0x0000000010007974      0x268 CMakeFiles/tuya-open-sdk.dir/home/share/samba/tuya/tuya-open-sdk-for-device/board/pico-w/pico-sdk/lib/lwip/src/core/ipv4/dhcp.c.obj
 .text.dhcp_recv
                0x0000000010007bdc      0x494 CMakeFiles/tuya-open-sdk.dir/home/share/samba/tuya/tuya-open-sdk-for-device/board/pico-w/pico-sdk/lib/lwip/src/core/ipv4/dhcp.c.obj
 .text.dhcp_set_struct
                0x0000000010008070       0x44 CMakeFiles/tuya-open-sdk.dir/home/share/samba/tuya/tuya-open-sdk-for-device/board/pico-w/pico-sdk/lib/lwip/src/core/ipv4/dhcp.c.obj
                0x0000000010008070                dhcp_set_struct
 .text.dhcp_network_changed_link_up
                0x00000000100080b4       0x40 CMakeFiles/tuya-open-sdk.dir/home/share/samba/tuya/tuya-open-sdk-for-device/board/pico-w/pico-sdk/lib/lwip/src/core/ipv4/dhcp.c.obj
                0x00000000100080b4                dhcp_network_changed_link_up
 .text.dhcp_renew
                0x00000000100080f4      0x1b8 CMakeFiles/tuya-open-sdk.dir/home/share/samba/tuya/tuya-open-sdk-for-device/board/pico-w/pico-sdk/lib/lwip/src/core/ipv4/dhcp.c.obj
                0x00000000100080f4                dhcp_renew
 .text.dhcp_release_and_stop
                0x00000000100082ac      0x180 CMakeFiles/tuya-open-sdk.dir/home/share/samba/tuya/tuya-open-sdk-for-device/board/pico-w/pico-sdk/lib/lwip/src/core/ipv4/dhcp.c.obj
                0x00000000100082ac                dhcp_release_and_stop
 .text.dhcp_start
                0x000000001000842c       0xb0 CMakeFiles/tuya-open-sdk.dir/home/share/samba/tuya/tuya-open-sdk-for-device/board/pico-w/pico-sdk/lib/lwip/src/core/ipv4/dhcp.c.obj
                0x000000001000842c                dhcp_start
 .text.dhcp_coarse_tmr
                0x00000000100084dc      0x238 CMakeFiles/tuya-open-sdk.dir/home/share/samba/tuya/tuya-open-sdk-for-device/board/pico-w/pico-sdk/lib/lwip/src/core/ipv4/dhcp.c.obj
                0x00000000100084dc                dhcp_coarse_tmr
 .text.dhcp_fine_tmr
                0x0000000010008714       0x78 CMakeFiles/tuya-open-sdk.dir/home/share/samba/tuya/tuya-open-sdk-for-device/board/pico-w/pico-sdk/lib/lwip/src/core/ipv4/dhcp.c.obj
                0x0000000010008714                dhcp_fine_tmr
 .text.dhcp_stop
                0x000000001000878c      0x180 CMakeFiles/tuya-open-sdk.dir/home/share/samba/tuya/tuya-open-sdk-for-device/board/pico-w/pico-sdk/lib/lwip/src/core/ipv4/dhcp.c.obj
                0x000000001000878c                dhcp_stop
 .text.etharp_find_entry
                0x000000001000890c     0x1fbc CMakeFiles/tuya-open-sdk.dir/home/share/samba/tuya/tuya-open-sdk-for-device/board/pico-w/pico-sdk/lib/lwip/src/core/ipv4/etharp.c.obj
 .text.etharp_raw
                0x000000001000a8c8       0xec CMakeFiles/tuya-open-sdk.dir/home/share/samba/tuya/tuya-open-sdk-for-device/board/pico-w/pico-sdk/lib/lwip/src/core/ipv4/etharp.c.obj
 .text.etharp_output_to_arp_index
                0x000000001000a9b4       0xe4 CMakeFiles/tuya-open-sdk.dir/home/share/samba/tuya/tuya-open-sdk-for-device/board/pico-w/pico-sdk/lib/lwip/src/core/ipv4/etharp.c.obj
 .text.etharp_tmr
                0x000000001000aa98       0x94 CMakeFiles/tuya-open-sdk.dir/home/share/samba/tuya/tuya-open-sdk-for-device/board/pico-w/pico-sdk/lib/lwip/src/core/ipv4/etharp.c.obj
                0x000000001000aa98                etharp_tmr
 .text.etharp_cleanup_netif
                0x000000001000ab2c      0x188 CMakeFiles/tuya-open-sdk.dir/home/share/samba/tuya/tuya-open-sdk-for-device/board/pico-w/pico-sdk/lib/lwip/src/core/ipv4/etharp.c.obj
                0x000000001000ab2c                etharp_cleanup_netif
 .text.etharp_input
                0x000000001000acb4      0x1b0 CMakeFiles/tuya-open-sdk.dir/home/share/samba/tuya/tuya-open-sdk-for-device/board/pico-w/pico-sdk/lib/lwip/src/core/ipv4/etharp.c.obj
                0x000000001000acb4                etharp_input
 .text.etharp_query
                0x000000001000ae64      0x1c0 CMakeFiles/tuya-open-sdk.dir/home/share/samba/tuya/tuya-open-sdk-for-device/board/pico-w/pico-sdk/lib/lwip/src/core/ipv4/etharp.c.obj
                0x000000001000ae64                etharp_query
 .text.etharp_output
                0x000000001000b024      0x24c CMakeFiles/tuya-open-sdk.dir/home/share/samba/tuya/tuya-open-sdk-for-device/board/pico-w/pico-sdk/lib/lwip/src/core/ipv4/etharp.c.obj
                0x000000001000b024                etharp_output
 .text.etharp_request
                0x000000001000b270       0x2c CMakeFiles/tuya-open-sdk.dir/home/share/samba/tuya/tuya-open-sdk-for-device/board/pico-w/pico-sdk/lib/lwip/src/core/ipv4/etharp.c.obj
                0x000000001000b270                etharp_request
 .text.icmp_input
                0x000000001000b29c      0x1e8 CMakeFiles/tuya-open-sdk.dir/home/share/samba/tuya/tuya-open-sdk-for-device/board/pico-w/pico-sdk/lib/lwip/src/core/ipv4/icmp.c.obj
                0x000000001000b29c                icmp_input
 .text.icmp_dest_unreach
                0x000000001000b484       0xd0 CMakeFiles/tuya-open-sdk.dir/home/share/samba/tuya/tuya-open-sdk-for-device/board/pico-w/pico-sdk/lib/lwip/src/core/ipv4/icmp.c.obj
                0x000000001000b484                icmp_dest_unreach
 .text.icmp_time_exceeded
                0x000000001000b554       0xd0 CMakeFiles/tuya-open-sdk.dir/home/share/samba/tuya/tuya-open-sdk-for-device/board/pico-w/pico-sdk/lib/lwip/src/core/ipv4/icmp.c.obj
                0x000000001000b554                icmp_time_exceeded
 .text.ip_reass_free_complete_datagram
                0x000000001000b624      0x114 CMakeFiles/tuya-open-sdk.dir/home/share/samba/tuya/tuya-open-sdk-for-device/board/pico-w/pico-sdk/lib/lwip/src/core/ipv4/ip4_frag.c.obj
 .text.ip_reass_remove_oldest_datagram
                0x000000001000b738       0xd8 CMakeFiles/tuya-open-sdk.dir/home/share/samba/tuya/tuya-open-sdk-for-device/board/pico-w/pico-sdk/lib/lwip/src/core/ipv4/ip4_frag.c.obj
 .text.ip_reass_tmr
                0x000000001000b810       0x38 CMakeFiles/tuya-open-sdk.dir/home/share/samba/tuya/tuya-open-sdk-for-device/board/pico-w/pico-sdk/lib/lwip/src/core/ipv4/ip4_frag.c.obj
                0x000000001000b810                ip_reass_tmr
 .text.ip4_reass
                0x000000001000b848      0x534 CMakeFiles/tuya-open-sdk.dir/home/share/samba/tuya/tuya-open-sdk-for-device/board/pico-w/pico-sdk/lib/lwip/src/core/ipv4/ip4_frag.c.obj
                0x000000001000b848                ip4_reass
 .text.ip4_frag
                0x000000001000bd7c      0x17c CMakeFiles/tuya-open-sdk.dir/home/share/samba/tuya/tuya-open-sdk-for-device/board/pico-w/pico-sdk/lib/lwip/src/core/ipv4/ip4_frag.c.obj
                0x000000001000bd7c                ip4_frag
 .text.ip4_route
                0x000000001000bef8       0x7c CMakeFiles/tuya-open-sdk.dir/home/share/samba/tuya/tuya-open-sdk-for-device/board/pico-w/pico-sdk/lib/lwip/src/core/ipv4/ip4.c.obj
                0x000000001000bef8                ip4_route
 .text.ip4_input
                0x000000001000bf74      0x2cc CMakeFiles/tuya-open-sdk.dir/home/share/samba/tuya/tuya-open-sdk-for-device/board/pico-w/pico-sdk/lib/lwip/src/core/ipv4/ip4.c.obj
                0x000000001000bf74                ip4_input
 .text.ip4_output_if
                0x000000001000c240      0x190 CMakeFiles/tuya-open-sdk.dir/home/share/samba/tuya/tuya-open-sdk-for-device/board/pico-w/pico-sdk/lib/lwip/src/core/ipv4/ip4.c.obj
                0x000000001000c240                ip4_output_if
 .text.ip4_output_if_src
                0x000000001000c3d0      0x17c CMakeFiles/tuya-open-sdk.dir/home/share/samba/tuya/tuya-open-sdk-for-device/board/pico-w/pico-sdk/lib/lwip/src/core/ipv4/ip4.c.obj
                0x000000001000c3d0                ip4_output_if_src
 .text.ip4_addr_isbroadcast_u32
                0x000000001000c54c       0x3c CMakeFiles/tuya-open-sdk.dir/home/share/samba/tuya/tuya-open-sdk-for-device/board/pico-w/pico-sdk/lib/lwip/src/core/ipv4/ip4_addr.c.obj
                0x000000001000c54c                ip4_addr_isbroadcast_u32
 .text.ip4addr_ntoa
                0x000000001000c588       0xdc CMakeFiles/tuya-open-sdk.dir/home/share/samba/tuya/tuya-open-sdk-for-device/board/pico-w/pico-sdk/lib/lwip/src/core/ipv4/ip4_addr.c.obj
                0x000000001000c588                ip4addr_ntoa
 .text.tcpip_thread
                0x000000001000c664       0x94 CMakeFiles/tuya-open-sdk.dir/home/share/samba/tuya/tuya-open-sdk-for-device/board/pico-w/pico-sdk/lib/lwip/src/api/tcpip.c.obj
 .text.tcpip_input
                0x000000001000c6f8       0x3c CMakeFiles/tuya-open-sdk.dir/home/share/samba/tuya/tuya-open-sdk-for-device/board/pico-w/pico-sdk/lib/lwip/src/api/tcpip.c.obj
                0x000000001000c6f8                tcpip_input
 .text.tcpip_try_callback
                0x000000001000c734       0x50 CMakeFiles/tuya-open-sdk.dir/home/share/samba/tuya/tuya-open-sdk-for-device/board/pico-w/pico-sdk/lib/lwip/src/api/tcpip.c.obj
                0x000000001000c734                tcpip_try_callback
 .text.tcpip_init
                0x000000001000c784       0x6c CMakeFiles/tuya-open-sdk.dir/home/share/samba/tuya/tuya-open-sdk-for-device/board/pico-w/pico-sdk/lib/lwip/src/api/tcpip.c.obj
                0x000000001000c784                tcpip_init
 .text.ethernet_input
                0x000000001000c7f0       0xd0 CMakeFiles/tuya-open-sdk.dir/home/share/samba/tuya/tuya-open-sdk-for-device/board/pico-w/pico-sdk/lib/lwip/src/netif/ethernet.c.obj
                0x000000001000c7f0                ethernet_input
 .text.ethernet_output
                0x000000001000c8c0       0x6c CMakeFiles/tuya-open-sdk.dir/home/share/samba/tuya/tuya-open-sdk-for-device/board/pico-w/pico-sdk/lib/lwip/src/netif/ethernet.c.obj
                0x000000001000c8c0                ethernet_output
 .text.sys_init
                0x000000001000c92c        0x4 CMakeFiles/tuya-open-sdk.dir/home/share/samba/tuya/tuya-open-sdk-for-device/board/pico-w/pico-sdk/lib/lwip/contrib/ports/freertos/sys_arch.c.obj
                0x000000001000c92c                sys_init
 .text.sys_now  0x000000001000c930        0x8 CMakeFiles/tuya-open-sdk.dir/home/share/samba/tuya/tuya-open-sdk-for-device/board/pico-w/pico-sdk/lib/lwip/contrib/ports/freertos/sys_arch.c.obj
                0x000000001000c930                sys_now
 .text.sys_arch_protect
                0x000000001000c938        0xc CMakeFiles/tuya-open-sdk.dir/home/share/samba/tuya/tuya-open-sdk-for-device/board/pico-w/pico-sdk/lib/lwip/contrib/ports/freertos/sys_arch.c.obj
                0x000000001000c938                sys_arch_protect
 .text.sys_arch_unprotect
                0x000000001000c944        0x8 CMakeFiles/tuya-open-sdk.dir/home/share/samba/tuya/tuya-open-sdk-for-device/board/pico-w/pico-sdk/lib/lwip/contrib/ports/freertos/sys_arch.c.obj
                0x000000001000c944                sys_arch_unprotect
 .text.sys_mutex_new
                0x000000001000c94c       0x20 CMakeFiles/tuya-open-sdk.dir/home/share/samba/tuya/tuya-open-sdk-for-device/board/pico-w/pico-sdk/lib/lwip/contrib/ports/freertos/sys_arch.c.obj
                0x000000001000c94c                sys_mutex_new
 .text.sys_mutex_lock
                0x000000001000c96c       0x38 CMakeFiles/tuya-open-sdk.dir/home/share/samba/tuya/tuya-open-sdk-for-device/board/pico-w/pico-sdk/lib/lwip/contrib/ports/freertos/sys_arch.c.obj
                0x000000001000c96c                sys_mutex_lock
 .text.sys_mutex_unlock
                0x000000001000c9a4       0x34 CMakeFiles/tuya-open-sdk.dir/home/share/samba/tuya/tuya-open-sdk-for-device/board/pico-w/pico-sdk/lib/lwip/contrib/ports/freertos/sys_arch.c.obj
                0x000000001000c9a4                sys_mutex_unlock
 .text.sys_mbox_new
                0x000000001000c9d8       0x34 CMakeFiles/tuya-open-sdk.dir/home/share/samba/tuya/tuya-open-sdk-for-device/board/pico-w/pico-sdk/lib/lwip/contrib/ports/freertos/sys_arch.c.obj
                0x000000001000c9d8                sys_mbox_new
 .text.sys_mbox_trypost
                0x000000001000ca0c       0x4c CMakeFiles/tuya-open-sdk.dir/home/share/samba/tuya/tuya-open-sdk-for-device/board/pico-w/pico-sdk/lib/lwip/contrib/ports/freertos/sys_arch.c.obj
                0x000000001000ca0c                sys_mbox_trypost
 .text.sys_arch_mbox_fetch
                0x000000001000ca58       0x60 CMakeFiles/tuya-open-sdk.dir/home/share/samba/tuya/tuya-open-sdk-for-device/board/pico-w/pico-sdk/lib/lwip/contrib/ports/freertos/sys_arch.c.obj
                0x000000001000ca58                sys_arch_mbox_fetch
 .text.sys_thread_new
                0x000000001000cab8       0x40 CMakeFiles/tuya-open-sdk.dir/home/share/samba/tuya/tuya-open-sdk-for-device/board/pico-w/pico-sdk/lib/lwip/contrib/ports/freertos/sys_arch.c.obj
                0x000000001000cab8                sys_thread_new
 .text.splitmix64
                0x000000001000caf8       0x5c CMakeFiles/tuya-open-sdk.dir/home/share/samba/tuya/tuya-open-sdk-for-device/board/pico-w/pico-sdk/src/rp2_common/pico_rand/rand.c.obj
 .text.xoroshiro128ss
                0x000000001000cb54       0x90 CMakeFiles/tuya-open-sdk.dir/home/share/samba/tuya/tuya-open-sdk-for-device/board/pico-w/pico-sdk/src/rp2_common/pico_rand/rand.c.obj
 .text.get_rand_64
                0x000000001000cbe4      0x484 CMakeFiles/tuya-open-sdk.dir/home/share/samba/tuya/tuya-open-sdk-for-device/board/pico-w/pico-sdk/src/rp2_common/pico_rand/rand.c.obj
                0x000000001000cbe4                get_rand_64
 .text.get_rand_32
                0x000000001000d068        0x8 CMakeFiles/tuya-open-sdk.dir/home/share/samba/tuya/tuya-open-sdk-for-device/board/pico-w/pico-sdk/src/rp2_common/pico_rand/rand.c.obj
                0x000000001000d068                get_rand_32
 .text.startup._retrieve_unique_id_on_boot
                0x000000001000d070       0x10 CMakeFiles/tuya-open-sdk.dir/home/share/samba/tuya/tuya-open-sdk-for-device/board/pico-w/pico-sdk/src/rp2_common/pico_unique_id/unique_id.c.obj
 .text.pico_get_unique_board_id
                0x000000001000d080       0x10 CMakeFiles/tuya-open-sdk.dir/home/share/samba/tuya/tuya-open-sdk-for-device/board/pico-w/pico-sdk/src/rp2_common/pico_unique_id/unique_id.c.obj
                0x000000001000d080                pico_get_unique_board_id
 .text.flash_get_unique_id
                0x000000001000d090       0x40 CMakeFiles/tuya-open-sdk.dir/home/share/samba/tuya/tuya-open-sdk-for-device/board/pico-w/pico-sdk/src/rp2_common/hardware_flash/flash.c.obj
                0x000000001000d090                flash_get_unique_id
 .text.hw_claim_lock
                0x000000001000d0d0       0x18 CMakeFiles/tuya-open-sdk.dir/home/share/samba/tuya/tuya-open-sdk-for-device/board/pico-w/pico-sdk/src/rp2_common/hardware_claim/claim.c.obj
                0x000000001000d0d0                hw_claim_lock
 .text.hw_claim_unlock
                0x000000001000d0e8       0x14 CMakeFiles/tuya-open-sdk.dir/home/share/samba/tuya/tuya-open-sdk-for-device/board/pico-w/pico-sdk/src/rp2_common/hardware_claim/claim.c.obj
                0x000000001000d0e8                hw_claim_unlock
 .text.hw_claim_or_assert
                0x000000001000d0fc       0x44 CMakeFiles/tuya-open-sdk.dir/home/share/samba/tuya/tuya-open-sdk-for-device/board/pico-w/pico-sdk/src/rp2_common/hardware_claim/claim.c.obj
                0x000000001000d0fc                hw_claim_or_assert
 .text.hw_claim_unused_from_range
                0x000000001000d140       0x9c CMakeFiles/tuya-open-sdk.dir/home/share/samba/tuya/tuya-open-sdk-for-device/board/pico-w/pico-sdk/src/rp2_common/hardware_claim/claim.c.obj
                0x000000001000d140                hw_claim_unused_from_range
 .text.hw_claim_clear
                0x000000001000d1dc       0x38 CMakeFiles/tuya-open-sdk.dir/home/share/samba/tuya/tuya-open-sdk-for-device/board/pico-w/pico-sdk/src/rp2_common/hardware_claim/claim.c.obj
                0x000000001000d1dc                hw_claim_clear
 .text.spin_locks_reset
                0x000000001000d214       0x1c CMakeFiles/tuya-open-sdk.dir/home/share/samba/tuya/tuya-open-sdk-for-device/board/pico-w/pico-sdk/src/rp2_common/hardware_sync/sync.c.obj
                0x000000001000d214                spin_locks_reset
 .text.next_striped_spin_lock_num
                0x000000001000d230       0x18 CMakeFiles/tuya-open-sdk.dir/home/share/samba/tuya/tuya-open-sdk-for-device/board/pico-w/pico-sdk/src/rp2_common/hardware_sync/sync.c.obj
                0x000000001000d230                next_striped_spin_lock_num
 .text.spin_lock_claim
                0x000000001000d248       0x18 CMakeFiles/tuya-open-sdk.dir/home/share/samba/tuya/tuya-open-sdk-for-device/board/pico-w/pico-sdk/src/rp2_common/hardware_sync/sync.c.obj
                0x000000001000d248                spin_lock_claim
 .text.rom_func_lookup
                0x000000001000d260       0x10 CMakeFiles/tuya-open-sdk.dir/home/share/samba/tuya/tuya-open-sdk-for-device/board/pico-w/pico-sdk/src/rp2_common/pico_bootrom/bootrom.c.obj
                0x000000001000d260                rom_func_lookup
 .text.rom_data_lookup
                0x000000001000d270       0x10 CMakeFiles/tuya-open-sdk.dir/home/share/samba/tuya/tuya-open-sdk-for-device/board/pico-w/pico-sdk/src/rp2_common/pico_bootrom/bootrom.c.obj
                0x000000001000d270                rom_data_lookup
 .text.rom_funcs_lookup
                0x000000001000d280       0x44 CMakeFiles/tuya-open-sdk.dir/home/share/samba/tuya/tuya-open-sdk-for-device/board/pico-w/pico-sdk/src/rp2_common/pico_bootrom/bootrom.c.obj
                0x000000001000d280                rom_funcs_lookup
 .text.clocks_init
                0x000000001000d2c4      0x2d0 CMakeFiles/tuya-open-sdk.dir/home/share/samba/tuya/tuya-open-sdk-for-device/board/pico-w/pico-sdk/src/rp2_common/hardware_clocks/clocks.c.obj
                0x000000001000d2c4                clocks_init
 .text.clock_get_hz
                0x000000001000d594        0xc CMakeFiles/tuya-open-sdk.dir/home/share/samba/tuya/tuya-open-sdk-for-device/board/pico-w/pico-sdk/src/rp2_common/hardware_clocks/clocks.c.obj
                0x000000001000d594                clock_get_hz
 .text.gpio_set_function
                0x000000001000d5a0       0x30 CMakeFiles/tuya-open-sdk.dir/home/share/samba/tuya/tuya-open-sdk-for-device/board/pico-w/pico-sdk/src/rp2_common/hardware_gpio/gpio.c.obj
                0x000000001000d5a0                gpio_set_function
 .text.gpio_set_pulls
                0x000000001000d5d0       0x30 CMakeFiles/tuya-open-sdk.dir/home/share/samba/tuya/tuya-open-sdk-for-device/board/pico-w/pico-sdk/src/rp2_common/hardware_gpio/gpio.c.obj
                0x000000001000d5d0                gpio_set_pulls
 .text.gpio_set_input_hysteresis_enabled
                0x000000001000d600       0x28 CMakeFiles/tuya-open-sdk.dir/home/share/samba/tuya/tuya-open-sdk-for-device/board/pico-w/pico-sdk/src/rp2_common/hardware_gpio/gpio.c.obj
                0x000000001000d600                gpio_set_input_hysteresis_enabled
 .text.gpio_set_irq_enabled
                0x000000001000d628       0x54 CMakeFiles/tuya-open-sdk.dir/home/share/samba/tuya/tuya-open-sdk-for-device/board/pico-w/pico-sdk/src/rp2_common/hardware_gpio/gpio.c.obj
                0x000000001000d628                gpio_set_irq_enabled
 .text.gpio_add_raw_irq_handler_with_order_priority_masked
                0x000000001000d67c       0x44 CMakeFiles/tuya-open-sdk.dir/home/share/samba/tuya/tuya-open-sdk-for-device/board/pico-w/pico-sdk/src/rp2_common/hardware_gpio/gpio.c.obj
                0x000000001000d67c                gpio_add_raw_irq_handler_with_order_priority_masked
 .text.gpio_remove_raw_irq_handler_masked
                0x000000001000d6c0       0x20 CMakeFiles/tuya-open-sdk.dir/home/share/samba/tuya/tuya-open-sdk-for-device/board/pico-w/pico-sdk/src/rp2_common/hardware_gpio/gpio.c.obj
                0x000000001000d6c0                gpio_remove_raw_irq_handler_masked
 .text.gpio_init
                0x000000001000d6e0       0x3c CMakeFiles/tuya-open-sdk.dir/home/share/samba/tuya/tuya-open-sdk-for-device/board/pico-w/pico-sdk/src/rp2_common/hardware_gpio/gpio.c.obj
                0x000000001000d6e0                gpio_init
 .text.irq_set_enabled
                0x000000001000d71c       0x24 CMakeFiles/tuya-open-sdk.dir/home/share/samba/tuya/tuya-open-sdk-for-device/board/pico-w/pico-sdk/src/rp2_common/hardware_irq/irq.c.obj
                0x000000001000d71c                irq_set_enabled
 .text.irq_is_enabled
                0x000000001000d740       0x18 CMakeFiles/tuya-open-sdk.dir/home/share/samba/tuya/tuya-open-sdk-for-device/board/pico-w/pico-sdk/src/rp2_common/hardware_irq/irq.c.obj
                0x000000001000d740                irq_is_enabled
 .text.irq_get_vtable_handler
                0x000000001000d758       0x10 CMakeFiles/tuya-open-sdk.dir/home/share/samba/tuya/tuya-open-sdk-for-device/board/pico-w/pico-sdk/src/rp2_common/hardware_irq/irq.c.obj
                0x000000001000d758                irq_get_vtable_handler
 .text.irq_set_exclusive_handler
                0x000000001000d768       0x54 CMakeFiles/tuya-open-sdk.dir/home/share/samba/tuya/tuya-open-sdk-for-device/board/pico-w/pico-sdk/src/rp2_common/hardware_irq/irq.c.obj
                0x000000001000d768                irq_set_exclusive_handler
 .text.irq_add_shared_handler
                0x000000001000d7bc      0x1e8 CMakeFiles/tuya-open-sdk.dir/home/share/samba/tuya/tuya-open-sdk-for-device/board/pico-w/pico-sdk/src/rp2_common/hardware_irq/irq.c.obj
                0x000000001000d7bc                irq_add_shared_handler
 .text.irq_remove_handler
                0x000000001000d9a4      0x1b0 CMakeFiles/tuya-open-sdk.dir/home/share/samba/tuya/tuya-open-sdk-for-device/board/pico-w/pico-sdk/src/rp2_common/hardware_irq/irq.c.obj
                0x000000001000d9a4                irq_remove_handler
 .text.irq_set_priority
                0x000000001000db54       0x28 CMakeFiles/tuya-open-sdk.dir/home/share/samba/tuya/tuya-open-sdk-for-device/board/pico-w/pico-sdk/src/rp2_common/hardware_irq/irq.c.obj
                0x000000001000db54                irq_set_priority
 .text.irq_add_tail_to_free_list
                0x000000001000db7c       0xb4 CMakeFiles/tuya-open-sdk.dir/home/share/samba/tuya/tuya-open-sdk-for-device/board/pico-w/pico-sdk/src/rp2_common/hardware_irq/irq.c.obj
                0x000000001000db7c                irq_add_tail_to_free_list
 .text.irq_init_priorities
                0x000000001000dc30       0x24 CMakeFiles/tuya-open-sdk.dir/home/share/samba/tuya/tuya-open-sdk-for-device/board/pico-w/pico-sdk/src/rp2_common/hardware_irq/irq.c.obj
                0x000000001000dc30                irq_init_priorities
 .text.lock_init
                0x000000001000dc54       0x10 CMakeFiles/tuya-open-sdk.dir/home/share/samba/tuya/tuya-open-sdk-for-device/board/pico-w/pico-sdk/src/common/pico_sync/lock_core.c.obj
                0x000000001000dc54                lock_init
 .text.mutex_init
                0x000000001000dc64       0x1c CMakeFiles/tuya-open-sdk.dir/home/share/samba/tuya/tuya-open-sdk-for-device/board/pico-w/pico-sdk/src/common/pico_sync/mutex.c.obj
                0x000000001000dc64                mutex_init
 .text.recursive_mutex_init
                0x000000001000dc80       0x20 CMakeFiles/tuya-open-sdk.dir/home/share/samba/tuya/tuya-open-sdk-for-device/board/pico-w/pico-sdk/src/common/pico_sync/mutex.c.obj
                0x000000001000dc80                recursive_mutex_init
 .text.timer_pool_entry_comparator
                0x000000001000dca0       0x34 CMakeFiles/tuya-open-sdk.dir/home/share/samba/tuya/tuya-open-sdk-for-device/board/pico-w/pico-sdk/src/common/pico_time/time.c.obj
                0x000000001000dca0                timer_pool_entry_comparator
 .text.sleep_until_callback
                0x000000001000dcd4       0x24 CMakeFiles/tuya-open-sdk.dir/home/share/samba/tuya/tuya-open-sdk-for-device/board/pico-w/pico-sdk/src/common/pico_time/time.c.obj
 .text.add_alarm_under_lock.isra.0
                0x000000001000dcf8      0x100 CMakeFiles/tuya-open-sdk.dir/home/share/samba/tuya/tuya-open-sdk-for-device/board/pico-w/pico-sdk/src/common/pico_time/time.c.obj
 .text.alarm_pool_alarm_callback
                0x000000001000ddf8      0x1bc CMakeFiles/tuya-open-sdk.dir/home/share/samba/tuya/tuya-open-sdk-for-device/board/pico-w/pico-sdk/src/common/pico_time/time.c.obj
 .text.alarm_pool_init_default
                0x000000001000dfb4       0x6c CMakeFiles/tuya-open-sdk.dir/home/share/samba/tuya/tuya-open-sdk-for-device/board/pico-w/pico-sdk/src/common/pico_time/time.c.obj
                0x000000001000dfb4                alarm_pool_init_default
 .text.alarm_pool_add_alarm_at
                0x000000001000e020      0x178 CMakeFiles/tuya-open-sdk.dir/home/share/samba/tuya/tuya-open-sdk-for-device/board/pico-w/pico-sdk/src/common/pico_time/time.c.obj
                0x000000001000e020                alarm_pool_add_alarm_at
 .text.sleep_until
                0x000000001000e198       0xbc CMakeFiles/tuya-open-sdk.dir/home/share/samba/tuya/tuya-open-sdk-for-device/board/pico-w/pico-sdk/src/common/pico_time/time.c.obj
                0x000000001000e198                sleep_until
 .text.sleep_ms
                0x000000001000e254       0x34 CMakeFiles/tuya-open-sdk.dir/home/share/samba/tuya/tuya-open-sdk-for-device/board/pico-w/pico-sdk/src/common/pico_time/time.c.obj
                0x000000001000e254                sleep_ms
 .text.best_effort_wfe_or_timeout
                0x000000001000e288       0xd4 CMakeFiles/tuya-open-sdk.dir/home/share/samba/tuya/tuya-open-sdk-for-device/board/pico-w/pico-sdk/src/common/pico_time/time.c.obj
                0x000000001000e288                best_effort_wfe_or_timeout
 .text.hardware_alarm_irq_handler
                0x000000001000e35c       0xbc CMakeFiles/tuya-open-sdk.dir/home/share/samba/tuya/tuya-open-sdk-for-device/board/pico-w/pico-sdk/src/rp2_common/hardware_timer/timer.c.obj
 .text.hardware_alarm_claim
                0x000000001000e418       0x18 CMakeFiles/tuya-open-sdk.dir/home/share/samba/tuya/tuya-open-sdk-for-device/board/pico-w/pico-sdk/src/rp2_common/hardware_timer/timer.c.obj
                0x000000001000e418                hardware_alarm_claim
 .text.time_us_64
                0x000000001000e430       0x14 CMakeFiles/tuya-open-sdk.dir/home/share/samba/tuya/tuya-open-sdk-for-device/board/pico-w/pico-sdk/src/rp2_common/hardware_timer/timer.c.obj
                0x000000001000e430                time_us_64
 .text.busy_wait_us
                0x000000001000e444       0x54 CMakeFiles/tuya-open-sdk.dir/home/share/samba/tuya/tuya-open-sdk-for-device/board/pico-w/pico-sdk/src/rp2_common/hardware_timer/timer.c.obj
                0x000000001000e444                busy_wait_us
 .text.busy_wait_until
                0x000000001000e498       0x20 CMakeFiles/tuya-open-sdk.dir/home/share/samba/tuya/tuya-open-sdk-for-device/board/pico-w/pico-sdk/src/rp2_common/hardware_timer/timer.c.obj
                0x000000001000e498                busy_wait_until
 .text.hardware_alarm_set_callback
                0x000000001000e4b8       0x8c CMakeFiles/tuya-open-sdk.dir/home/share/samba/tuya/tuya-open-sdk-for-device/board/pico-w/pico-sdk/src/rp2_common/hardware_timer/timer.c.obj
                0x000000001000e4b8                hardware_alarm_set_callback
 .text.hardware_alarm_set_target
                0x000000001000e544       0xd4 CMakeFiles/tuya-open-sdk.dir/home/share/samba/tuya/tuya-open-sdk-for-device/board/pico-w/pico-sdk/src/rp2_common/hardware_timer/timer.c.obj
                0x000000001000e544                hardware_alarm_set_target
 .text.hardware_alarm_cancel
                0x000000001000e618       0x3c CMakeFiles/tuya-open-sdk.dir/home/share/samba/tuya/tuya-open-sdk-for-device/board/pico-w/pico-sdk/src/rp2_common/hardware_timer/timer.c.obj
                0x000000001000e618                hardware_alarm_cancel
 .text.ph_merge_nodes
                0x000000001000e654       0x68 CMakeFiles/tuya-open-sdk.dir/home/share/samba/tuya/tuya-open-sdk-for-device/board/pico-w/pico-sdk/src/common/pico_util/pheap.c.obj
 .text.ph_post_alloc_init
                0x000000001000e6bc       0x3c CMakeFiles/tuya-open-sdk.dir/home/share/samba/tuya/tuya-open-sdk-for-device/board/pico-w/pico-sdk/src/common/pico_util/pheap.c.obj
                0x000000001000e6bc                ph_post_alloc_init
 .text.ph_merge_two_pass
                0x000000001000e6f8       0x90 CMakeFiles/tuya-open-sdk.dir/home/share/samba/tuya/tuya-open-sdk-for-device/board/pico-w/pico-sdk/src/common/pico_util/pheap.c.obj
                0x000000001000e6f8                ph_merge_two_pass
 .text.ph_remove_any_head
                0x000000001000e788      0x100 CMakeFiles/tuya-open-sdk.dir/home/share/samba/tuya/tuya-open-sdk-for-device/board/pico-w/pico-sdk/src/common/pico_util/pheap.c.obj
 .text.ph_remove_head
                0x000000001000e888      0x104 CMakeFiles/tuya-open-sdk.dir/home/share/samba/tuya/tuya-open-sdk-for-device/board/pico-w/pico-sdk/src/common/pico_util/pheap.c.obj
                0x000000001000e888                ph_remove_head
 .text.ph_remove_and_free_node
                0x000000001000e98c       0x7c CMakeFiles/tuya-open-sdk.dir/home/share/samba/tuya/tuya-open-sdk-for-device/board/pico-w/pico-sdk/src/common/pico_util/pheap.c.obj
                0x000000001000e98c                ph_remove_and_free_node
 .text.pll_init
                0x000000001000ea08       0xa0 CMakeFiles/tuya-open-sdk.dir/home/share/samba/tuya/tuya-open-sdk-for-device/board/pico-w/pico-sdk/src/rp2_common/hardware_pll/pll.c.obj
                0x000000001000ea08                pll_init
 .text.watchdog_start_tick
                0x000000001000eaa8       0x10 CMakeFiles/tuya-open-sdk.dir/home/share/samba/tuya/tuya-open-sdk-for-device/board/pico-w/pico-sdk/src/rp2_common/hardware_watchdog/watchdog.c.obj
                0x000000001000eaa8                watchdog_start_tick
 .text.xosc_init
                0x000000001000eab8       0x28 CMakeFiles/tuya-open-sdk.dir/home/share/samba/tuya/tuya-open-sdk-for-device/board/pico-w/pico-sdk/src/rp2_common/hardware_xosc/xosc.c.obj
                0x000000001000eab8                xosc_init
 .text.cyw43_arch_wifi_connect_bssid_until.part.0
                0x000000001000eae0       0xd8 CMakeFiles/tuya-open-sdk.dir/home/share/samba/tuya/tuya-open-sdk-for-device/board/pico-w/pico-sdk/src/rp2_common/pico_cyw43_arch/cyw43_arch.c.obj
 .text.cyw43_arch_set_async_context
                0x000000001000ebb8        0xc CMakeFiles/tuya-open-sdk.dir/home/share/samba/tuya/tuya-open-sdk-for-device/board/pico-w/pico-sdk/src/rp2_common/pico_cyw43_arch/cyw43_arch.c.obj
                0x000000001000ebb8                cyw43_arch_set_async_context
 .text.cyw43_arch_enable_sta_mode
                0x000000001000ebc4       0x1c CMakeFiles/tuya-open-sdk.dir/home/share/samba/tuya/tuya-open-sdk-for-device/board/pico-w/pico-sdk/src/rp2_common/pico_cyw43_arch/cyw43_arch.c.obj
                0x000000001000ebc4                cyw43_arch_enable_sta_mode
 .text.cyw43_arch_wifi_connect_timeout_ms
                0x000000001000ebe0       0x9c CMakeFiles/tuya-open-sdk.dir/home/share/samba/tuya/tuya-open-sdk-for-device/board/pico-w/pico-sdk/src/rp2_common/pico_cyw43_arch/cyw43_arch.c.obj
                0x000000001000ebe0                cyw43_arch_wifi_connect_timeout_ms
 .text.cyw43_arch_gpio_put
                0x000000001000ec7c       0x14 CMakeFiles/tuya-open-sdk.dir/home/share/samba/tuya/tuya-open-sdk-for-device/board/pico-w/pico-sdk/src/rp2_common/pico_cyw43_arch/cyw43_arch.c.obj
                0x000000001000ec7c                cyw43_arch_gpio_put
 .text.cyw43_arch_async_context
                0x000000001000ec90        0xc CMakeFiles/tuya-open-sdk.dir/home/share/samba/tuya/tuya-open-sdk-for-device/board/pico-w/pico-sdk/src/rp2_common/pico_cyw43_arch/cyw43_arch.c.obj
                0x000000001000ec90                cyw43_arch_async_context
 .text.cyw43_arch_init
                0x000000001000ec9c       0x94 CMakeFiles/tuya-open-sdk.dir/home/share/samba/tuya/tuya-open-sdk-for-device/board/pico-w/pico-sdk/src/rp2_common/pico_cyw43_arch/cyw43_arch_freertos.c.obj
                0x000000001000ec9c                cyw43_arch_init
 .text.ns_delay.constprop.0
                0x000000001000ed30       0x20 CMakeFiles/tuya-open-sdk.dir/home/share/samba/tuya/tuya-open-sdk-for-device/board/pico-w/pico-sdk/src/rp2_common/pico_cyw43_driver/cyw43_bus_pio_spi.c.obj
 .text.cyw43_spi_deinit
                0x000000001000ed50       0x7c CMakeFiles/tuya-open-sdk.dir/home/share/samba/tuya/tuya-open-sdk-for-device/board/pico-w/pico-sdk/src/rp2_common/pico_cyw43_driver/cyw43_bus_pio_spi.c.obj
                0x000000001000ed50                cyw43_spi_deinit
 .text.cyw43_spi_init
                0x000000001000edcc      0x154 CMakeFiles/tuya-open-sdk.dir/home/share/samba/tuya/tuya-open-sdk-for-device/board/pico-w/pico-sdk/src/rp2_common/pico_cyw43_driver/cyw43_bus_pio_spi.c.obj
                0x000000001000edcc                cyw43_spi_init
 .text.cyw43_spi_transfer
                0x000000001000ef20      0x430 CMakeFiles/tuya-open-sdk.dir/home/share/samba/tuya/tuya-open-sdk-for-device/board/pico-w/pico-sdk/src/rp2_common/pico_cyw43_driver/cyw43_bus_pio_spi.c.obj
                0x000000001000ef20                cyw43_spi_transfer
 .text.cyw43_spi_gpio_setup
                0x000000001000f350       0x3c CMakeFiles/tuya-open-sdk.dir/home/share/samba/tuya/tuya-open-sdk-for-device/board/pico-w/pico-sdk/src/rp2_common/pico_cyw43_driver/cyw43_bus_pio_spi.c.obj
                0x000000001000f350                cyw43_spi_gpio_setup
 .text.cyw43_spi_reset
                0x000000001000f38c       0x28 CMakeFiles/tuya-open-sdk.dir/home/share/samba/tuya/tuya-open-sdk-for-device/board/pico-w/pico-sdk/src/rp2_common/pico_cyw43_driver/cyw43_bus_pio_spi.c.obj
                0x000000001000f38c                cyw43_spi_reset
 .text.read_reg_u32_swap
                0x000000001000f3b4       0x3c CMakeFiles/tuya-open-sdk.dir/home/share/samba/tuya/tuya-open-sdk-for-device/board/pico-w/pico-sdk/src/rp2_common/pico_cyw43_driver/cyw43_bus_pio_spi.c.obj
                0x000000001000f3b4                read_reg_u32_swap
 .text.cyw43_read_reg_u32
                0x000000001000f3f0       0x6c CMakeFiles/tuya-open-sdk.dir/home/share/samba/tuya/tuya-open-sdk-for-device/board/pico-w/pico-sdk/src/rp2_common/pico_cyw43_driver/cyw43_bus_pio_spi.c.obj
                0x000000001000f3f0                cyw43_read_reg_u32
 .text.cyw43_read_reg_u16
                0x000000001000f45c       0x6c CMakeFiles/tuya-open-sdk.dir/home/share/samba/tuya/tuya-open-sdk-for-device/board/pico-w/pico-sdk/src/rp2_common/pico_cyw43_driver/cyw43_bus_pio_spi.c.obj
                0x000000001000f45c                cyw43_read_reg_u16
 .text.cyw43_read_reg_u8
                0x000000001000f4c8       0x6c CMakeFiles/tuya-open-sdk.dir/home/share/samba/tuya/tuya-open-sdk-for-device/board/pico-w/pico-sdk/src/rp2_common/pico_cyw43_driver/cyw43_bus_pio_spi.c.obj
                0x000000001000f4c8                cyw43_read_reg_u8
 .text.write_reg_u32_swap
                0x000000001000f534      0x1e0 CMakeFiles/tuya-open-sdk.dir/home/share/samba/tuya/tuya-open-sdk-for-device/board/pico-w/pico-sdk/src/rp2_common/pico_cyw43_driver/cyw43_bus_pio_spi.c.obj
                0x000000001000f534                write_reg_u32_swap
 .text.cyw43_write_reg_u32
                0x000000001000f714      0x200 CMakeFiles/tuya-open-sdk.dir/home/share/samba/tuya/tuya-open-sdk-for-device/board/pico-w/pico-sdk/src/rp2_common/pico_cyw43_driver/cyw43_bus_pio_spi.c.obj
                0x000000001000f714                cyw43_write_reg_u32
 .text.cyw43_write_reg_u16
                0x000000001000f914      0x200 CMakeFiles/tuya-open-sdk.dir/home/share/samba/tuya/tuya-open-sdk-for-device/board/pico-w/pico-sdk/src/rp2_common/pico_cyw43_driver/cyw43_bus_pio_spi.c.obj
                0x000000001000f914                cyw43_write_reg_u16
 .text.cyw43_write_reg_u8
                0x000000001000fb14      0x200 CMakeFiles/tuya-open-sdk.dir/home/share/samba/tuya/tuya-open-sdk-for-device/board/pico-w/pico-sdk/src/rp2_common/pico_cyw43_driver/cyw43_bus_pio_spi.c.obj
                0x000000001000fb14                cyw43_write_reg_u8
 .text.cyw43_read_bytes
                0x000000001000fd14       0x78 CMakeFiles/tuya-open-sdk.dir/home/share/samba/tuya/tuya-open-sdk-for-device/board/pico-w/pico-sdk/src/rp2_common/pico_cyw43_driver/cyw43_bus_pio_spi.c.obj
                0x000000001000fd14                cyw43_read_bytes
 .text.cyw43_write_bytes
                0x000000001000fd8c       0xec CMakeFiles/tuya-open-sdk.dir/home/share/samba/tuya/tuya-open-sdk-for-device/board/pico-w/pico-sdk/src/rp2_common/pico_cyw43_driver/cyw43_bus_pio_spi.c.obj
                0x000000001000fd8c                cyw43_write_bytes
 .text.cyw43_set_backplane_window
                0x000000001000fe78       0x64 CMakeFiles/tuya-open-sdk.dir/home/share/samba/tuya/tuya-open-sdk-for-device/board/pico-w/pico-sdk/lib/cyw43-driver/src/cyw43_ll.c.obj
 .text.cyw43_ll_parse_async_event
                0x000000001000fedc      0x13c CMakeFiles/tuya-open-sdk.dir/home/share/samba/tuya/tuya-open-sdk-for-device/board/pico-w/pico-sdk/lib/cyw43-driver/src/cyw43_ll.c.obj
 .text.cyw43_kso_set
                0x0000000010010018       0xa0 CMakeFiles/tuya-open-sdk.dir/home/share/samba/tuya/tuya-open-sdk-for-device/board/pico-w/pico-sdk/lib/cyw43-driver/src/cyw43_ll.c.obj
 .text.cyw43_ll_sdpcm_poll_device
                0x00000000100100b8      0x238 CMakeFiles/tuya-open-sdk.dir/home/share/samba/tuya/tuya-open-sdk-for-device/board/pico-w/pico-sdk/lib/cyw43-driver/src/cyw43_ll.c.obj
 .text.cyw43_sdpcm_send_common
                0x00000000100102f0       0xf0 CMakeFiles/tuya-open-sdk.dir/home/share/samba/tuya/tuya-open-sdk-for-device/board/pico-w/pico-sdk/lib/cyw43-driver/src/cyw43_ll.c.obj
 .text.cyw43_do_ioctl
                0x00000000100103e0      0x110 CMakeFiles/tuya-open-sdk.dir/home/share/samba/tuya/tuya-open-sdk-for-device/board/pico-w/pico-sdk/lib/cyw43-driver/src/cyw43_ll.c.obj
 .text.cyw43_do_ioctl.constprop.0
                0x00000000100104f0      0x108 CMakeFiles/tuya-open-sdk.dir/home/share/samba/tuya/tuya-open-sdk-for-device/board/pico-w/pico-sdk/lib/cyw43-driver/src/cyw43_ll.c.obj
 .text.cyw43_read_backplane.constprop.0
                0x00000000100105f8       0xdc CMakeFiles/tuya-open-sdk.dir/home/share/samba/tuya/tuya-open-sdk-for-device/board/pico-w/pico-sdk/lib/cyw43-driver/src/cyw43_ll.c.obj
 .text.reset_device_core.constprop.0
                0x00000000100106d4      0x3f0 CMakeFiles/tuya-open-sdk.dir/home/share/samba/tuya/tuya-open-sdk-for-device/board/pico-w/pico-sdk/lib/cyw43-driver/src/cyw43_ll.c.obj
 .text.cyw43_ll_init
                0x0000000010010ac4       0x1c CMakeFiles/tuya-open-sdk.dir/home/share/samba/tuya/tuya-open-sdk-for-device/board/pico-w/pico-sdk/lib/cyw43-driver/src/cyw43_ll.c.obj
                0x0000000010010ac4                cyw43_ll_init
 .text.cyw43_ll_deinit
                0x0000000010010ae0        0x8 CMakeFiles/tuya-open-sdk.dir/home/share/samba/tuya/tuya-open-sdk-for-device/board/pico-w/pico-sdk/lib/cyw43-driver/src/cyw43_ll.c.obj
                0x0000000010010ae0                cyw43_ll_deinit
 .text.cyw43_ll_send_ethernet
                0x0000000010010ae8       0x60 CMakeFiles/tuya-open-sdk.dir/home/share/samba/tuya/tuya-open-sdk-for-device/board/pico-w/pico-sdk/lib/cyw43-driver/src/cyw43_ll.c.obj
                0x0000000010010ae8                cyw43_ll_send_ethernet
 .text.cyw43_ll_process_packets
                0x0000000010010b48       0x54 CMakeFiles/tuya-open-sdk.dir/home/share/samba/tuya/tuya-open-sdk-for-device/board/pico-w/pico-sdk/lib/cyw43-driver/src/cyw43_ll.c.obj
                0x0000000010010b48                cyw43_ll_process_packets
 .text.cyw43_ll_ioctl
                0x0000000010010b9c       0x20 CMakeFiles/tuya-open-sdk.dir/home/share/samba/tuya/tuya-open-sdk-for-device/board/pico-w/pico-sdk/lib/cyw43-driver/src/cyw43_ll.c.obj
                0x0000000010010b9c                cyw43_ll_ioctl
 .text.cyw43_ll_bus_sleep
                0x0000000010010bbc       0x34 CMakeFiles/tuya-open-sdk.dir/home/share/samba/tuya/tuya-open-sdk-for-device/board/pico-w/pico-sdk/lib/cyw43-driver/src/cyw43_ll.c.obj
                0x0000000010010bbc                cyw43_ll_bus_sleep
 .text.cyw43_ll_bus_init
                0x0000000010010bf0      0xbf0 CMakeFiles/tuya-open-sdk.dir/home/share/samba/tuya/tuya-open-sdk-for-device/board/pico-w/pico-sdk/lib/cyw43-driver/src/cyw43_ll.c.obj
                0x0000000010010bf0                cyw43_ll_bus_init
 .text.cyw43_ll_wifi_on
                0x00000000100117e0      0x240 CMakeFiles/tuya-open-sdk.dir/home/share/samba/tuya/tuya-open-sdk-for-device/board/pico-w/pico-sdk/lib/cyw43-driver/src/cyw43_ll.c.obj
                0x00000000100117e0                cyw43_ll_wifi_on
 .text.cyw43_ll_wifi_get_mac
                0x0000000010011a20       0x44 CMakeFiles/tuya-open-sdk.dir/home/share/samba/tuya/tuya-open-sdk-for-device/board/pico-w/pico-sdk/lib/cyw43-driver/src/cyw43_ll.c.obj
                0x0000000010011a20                cyw43_ll_wifi_get_mac
 .text.cyw43_ll_wifi_pm
                0x0000000010011a64      0x194 CMakeFiles/tuya-open-sdk.dir/home/share/samba/tuya/tuya-open-sdk-for-device/board/pico-w/pico-sdk/lib/cyw43-driver/src/cyw43_ll.c.obj
                0x0000000010011a64                cyw43_ll_wifi_pm
 .text.cyw43_ll_wifi_join
                0x0000000010011bf8      0x310 CMakeFiles/tuya-open-sdk.dir/home/share/samba/tuya/tuya-open-sdk-for-device/board/pico-w/pico-sdk/lib/cyw43-driver/src/cyw43_ll.c.obj
                0x0000000010011bf8                cyw43_ll_wifi_join
 .text.cyw43_ll_wifi_set_wpa_auth
                0x0000000010011f08       0x2c CMakeFiles/tuya-open-sdk.dir/home/share/samba/tuya/tuya-open-sdk-for-device/board/pico-w/pico-sdk/lib/cyw43-driver/src/cyw43_ll.c.obj
                0x0000000010011f08                cyw43_ll_wifi_set_wpa_auth
 .text.cyw43_ll_wifi_rejoin
                0x0000000010011f34       0x1c CMakeFiles/tuya-open-sdk.dir/home/share/samba/tuya/tuya-open-sdk-for-device/board/pico-w/pico-sdk/lib/cyw43-driver/src/cyw43_ll.c.obj
                0x0000000010011f34                cyw43_ll_wifi_rejoin
 .text.cyw43_ll_wifi_ap_init
                0x0000000010011f50      0x2c4 CMakeFiles/tuya-open-sdk.dir/home/share/samba/tuya/tuya-open-sdk-for-device/board/pico-w/pico-sdk/lib/cyw43-driver/src/cyw43_ll.c.obj
                0x0000000010011f50                cyw43_ll_wifi_ap_init
 .text.cyw43_ll_wifi_ap_set_up
                0x0000000010012214       0x54 CMakeFiles/tuya-open-sdk.dir/home/share/samba/tuya/tuya-open-sdk-for-device/board/pico-w/pico-sdk/lib/cyw43-driver/src/cyw43_ll.c.obj
                0x0000000010012214                cyw43_ll_wifi_ap_set_up
 .text.cyw43_ll_gpio_set
                0x0000000010012268       0x6c CMakeFiles/tuya-open-sdk.dir/home/share/samba/tuya/tuya-open-sdk-for-device/board/pico-w/pico-sdk/lib/cyw43-driver/src/cyw43_ll.c.obj
                0x0000000010012268                cyw43_ll_gpio_set
 .text.cyw43_ll_has_work
                0x00000000100122d4       0x14 CMakeFiles/tuya-open-sdk.dir/home/share/samba/tuya/tuya-open-sdk-for-device/board/pico-w/pico-sdk/lib/cyw43-driver/src/cyw43_ll.c.obj
                0x00000000100122d4                cyw43_ll_has_work
 .text.cyw43_netif_init
                0x00000000100122e8       0x3c CMakeFiles/tuya-open-sdk.dir/home/share/samba/tuya/tuya-open-sdk-for-device/board/pico-w/pico-sdk/lib/cyw43-driver/src/cyw43_lwip.c.obj
 .text.cyw43_netif_output
                0x0000000010012324       0x34 CMakeFiles/tuya-open-sdk.dir/home/share/samba/tuya/tuya-open-sdk-for-device/board/pico-w/pico-sdk/lib/cyw43-driver/src/cyw43_lwip.c.obj
 .text.cyw43_cb_tcpip_init
                0x0000000010012358       0xfc CMakeFiles/tuya-open-sdk.dir/home/share/samba/tuya/tuya-open-sdk-for-device/board/pico-w/pico-sdk/lib/cyw43-driver/src/cyw43_lwip.c.obj
                0x0000000010012358                cyw43_cb_tcpip_init
 .text.cyw43_cb_tcpip_deinit
                0x0000000010012454       0x4c CMakeFiles/tuya-open-sdk.dir/home/share/samba/tuya/tuya-open-sdk-for-device/board/pico-w/pico-sdk/lib/cyw43-driver/src/cyw43_lwip.c.obj
                0x0000000010012454                cyw43_cb_tcpip_deinit
 .text.cyw43_cb_process_ethernet
                0x00000000100124a0       0x68 CMakeFiles/tuya-open-sdk.dir/home/share/samba/tuya/tuya-open-sdk-for-device/board/pico-w/pico-sdk/lib/cyw43-driver/src/cyw43_lwip.c.obj
                0x00000000100124a0                cyw43_cb_process_ethernet
 .text.cyw43_cb_tcpip_set_link_up
                0x0000000010012508       0x18 CMakeFiles/tuya-open-sdk.dir/home/share/samba/tuya/tuya-open-sdk-for-device/board/pico-w/pico-sdk/lib/cyw43-driver/src/cyw43_lwip.c.obj
                0x0000000010012508                cyw43_cb_tcpip_set_link_up
 .text.cyw43_cb_tcpip_set_link_down
                0x0000000010012520       0x18 CMakeFiles/tuya-open-sdk.dir/home/share/samba/tuya/tuya-open-sdk-for-device/board/pico-w/pico-sdk/lib/cyw43-driver/src/cyw43_lwip.c.obj
                0x0000000010012520                cyw43_cb_tcpip_set_link_down
 .text.cyw43_tcpip_link_status
                0x0000000010012538       0x34 CMakeFiles/tuya-open-sdk.dir/home/share/samba/tuya/tuya-open-sdk-for-device/board/pico-w/pico-sdk/lib/cyw43-driver/src/cyw43_lwip.c.obj
                0x0000000010012538                cyw43_tcpip_link_status
 .text.cyw43_poll_func
                0x000000001001256c       0xc0 CMakeFiles/tuya-open-sdk.dir/home/share/samba/tuya/tuya-open-sdk-for-device/board/pico-w/pico-sdk/lib/cyw43-driver/src/cyw43_ctrl.c.obj
 .text.cyw43_init
                0x000000001001262c       0x6c CMakeFiles/tuya-open-sdk.dir/home/share/samba/tuya/tuya-open-sdk-for-device/board/pico-w/pico-sdk/lib/cyw43-driver/src/cyw43_ctrl.c.obj
                0x000000001001262c                cyw43_init
 .text.cyw43_deinit
                0x0000000010012698       0x90 CMakeFiles/tuya-open-sdk.dir/home/share/samba/tuya/tuya-open-sdk-for-device/board/pico-w/pico-sdk/lib/cyw43-driver/src/cyw43_ctrl.c.obj
                0x0000000010012698                cyw43_deinit
 .text.cyw43_cb_read_host_interrupt_pin
                0x0000000010012728        0xc CMakeFiles/tuya-open-sdk.dir/home/share/samba/tuya/tuya-open-sdk-for-device/board/pico-w/pico-sdk/lib/cyw43-driver/src/cyw43_ctrl.c.obj
                0x0000000010012728                cyw43_cb_read_host_interrupt_pin
 .text.cyw43_cb_ensure_awake
                0x0000000010012734        0xc CMakeFiles/tuya-open-sdk.dir/home/share/samba/tuya/tuya-open-sdk-for-device/board/pico-w/pico-sdk/lib/cyw43-driver/src/cyw43_ctrl.c.obj
                0x0000000010012734                cyw43_cb_ensure_awake
 .text.cyw43_cb_process_async_event
                0x0000000010012740      0x228 CMakeFiles/tuya-open-sdk.dir/home/share/samba/tuya/tuya-open-sdk-for-device/board/pico-w/pico-sdk/lib/cyw43-driver/src/cyw43_ctrl.c.obj
                0x0000000010012740                cyw43_cb_process_async_event
 .text.cyw43_send_ethernet
                0x0000000010012968       0xc0 CMakeFiles/tuya-open-sdk.dir/home/share/samba/tuya/tuya-open-sdk-for-device/board/pico-w/pico-sdk/lib/cyw43-driver/src/cyw43_ctrl.c.obj
                0x0000000010012968                cyw43_send_ethernet
 .text.cyw43_wifi_get_mac
                0x0000000010012a28       0x10 CMakeFiles/tuya-open-sdk.dir/home/share/samba/tuya/tuya-open-sdk-for-device/board/pico-w/pico-sdk/lib/cyw43-driver/src/cyw43_ctrl.c.obj
                0x0000000010012a28                cyw43_wifi_get_mac
 .text.cyw43_wifi_set_up
                0x0000000010012a38      0x308 CMakeFiles/tuya-open-sdk.dir/home/share/samba/tuya/tuya-open-sdk-for-device/board/pico-w/pico-sdk/lib/cyw43-driver/src/cyw43_ctrl.c.obj
                0x0000000010012a38                cyw43_wifi_set_up
 .text.cyw43_wifi_link_status
                0x0000000010012d40       0x3c CMakeFiles/tuya-open-sdk.dir/home/share/samba/tuya/tuya-open-sdk-for-device/board/pico-w/pico-sdk/lib/cyw43-driver/src/cyw43_ctrl.c.obj
                0x0000000010012d40                cyw43_wifi_link_status
 .text.cyw43_wifi_join
                0x0000000010012d7c       0xf4 CMakeFiles/tuya-open-sdk.dir/home/share/samba/tuya/tuya-open-sdk-for-device/board/pico-w/pico-sdk/lib/cyw43-driver/src/cyw43_ctrl.c.obj
                0x0000000010012d7c                cyw43_wifi_join
 .text.cyw43_gpio_set
                0x0000000010012e70       0xa0 CMakeFiles/tuya-open-sdk.dir/home/share/samba/tuya/tuya-open-sdk-for-device/board/pico-w/pico-sdk/lib/cyw43-driver/src/cyw43_ctrl.c.obj
                0x0000000010012e70                cyw43_gpio_set
 .text.pio_sm_unclaim
                0x0000000010012f10       0x20 CMakeFiles/tuya-open-sdk.dir/home/share/samba/tuya/tuya-open-sdk-for-device/board/pico-w/pico-sdk/src/rp2_common/hardware_pio/pio.c.obj
                0x0000000010012f10                pio_sm_unclaim
 .text.pio_claim_unused_sm
                0x0000000010012f30       0x3c CMakeFiles/tuya-open-sdk.dir/home/share/samba/tuya/tuya-open-sdk-for-device/board/pico-w/pico-sdk/src/rp2_common/hardware_pio/pio.c.obj
                0x0000000010012f30                pio_claim_unused_sm
 .text.pio_can_add_program
                0x0000000010012f6c       0x68 CMakeFiles/tuya-open-sdk.dir/home/share/samba/tuya/tuya-open-sdk-for-device/board/pico-w/pico-sdk/src/rp2_common/hardware_pio/pio.c.obj
                0x0000000010012f6c                pio_can_add_program
 .text.pio_add_program
                0x0000000010012fd4       0xc8 CMakeFiles/tuya-open-sdk.dir/home/share/samba/tuya/tuya-open-sdk-for-device/board/pico-w/pico-sdk/src/rp2_common/hardware_pio/pio.c.obj
                0x0000000010012fd4                pio_add_program
 .text.pio_remove_program
                0x000000001001309c       0x34 CMakeFiles/tuya-open-sdk.dir/home/share/samba/tuya/tuya-open-sdk-for-device/board/pico-w/pico-sdk/src/rp2_common/hardware_pio/pio.c.obj
                0x000000001001309c                pio_remove_program